<html>
<body>
<pre>
<h1>µVision Build Log</h1>
<h2>Tool Versions:</h2>
IDE-Version: µVision V5.38.0.0
Copyright (C) 2022 ARM Ltd and ARM Germany GmbH. All rights reserved.
License Information: Cihan Senyuz, ARCELIK, LIC=----
 
Tool Versions:
Toolchain:       MDK-Lite  Version: 5.38.0.0
Toolchain Path:  D:\Keil_v5\ARM\ARMCLANG\Bin
C Compiler:      ArmClang.exe V6.19
Assembler:       Armasm.exe V6.19
Linker/Locator:  ArmLink.exe V6.19
Library Manager: ArmAr.exe V6.19
Hex Converter:   FromElf.exe V6.19
CPU DLL:         SARMCM3.DLL V5.38.0.0
Dialog DLL:      DARMSTM.DLL V1.69.1.0
Target DLL:      STLink\ST-LINKIII-KEIL_SWO.dll V3.1.0.0
Dialog DLL:      TCM.DLL V1.56.4.0
 
<h2>Project:</h2>
D:\stm32_projeler\usb_load_test - Copy\load_switch_test.uvprojx
Project File Date:  07/17/2023

<h2>Output:</h2>
*** Using Compiler 'V6.19', folder: 'D:\Keil_v5\ARM\ARMCLANG\Bin'
Rebuild target 'Target 1'
../kutuphaneler/gp_driver.c(33): warning: implicit conversion changes signedness: 'int' to 'unsigned long' [-Wsign-conversion]
        *ClockReg &= ~(0x0F << (tPIN*4)); /* reset the target pin */
                  ~~ ^~~~~~~~~~~~~~~~~~~
../kutuphaneler/gp_driver.c(34): warning: implicit conversion changes signedness: 'int' to 'unsigned int' [-Wsign-conversion]
        *ClockReg |= ((dir << (tPIN*4)) | (opt << (tPIN*4+2))); /* set up the direction & option */
                                        ~  ~~~~^~~~~~~~~~~~~
../kutuphaneler/gp_driver.c(33): warning: variable 'ClockReg' may be uninitialized when used here [-Wconditional-uninitialized]
        *ClockReg &= ~(0x0F << (tPIN*4)); /* reset the target pin */
         ^~~~~~~~
../kutuphaneler/gp_driver.c(6): note: initialize the variable 'ClockReg' to silence this warning
        volatile unsigned long* ClockReg;
                                        ^
                                         = 0
../kutuphaneler/gp_driver.c(57): warning: implicit conversion changes signedness: 'unsigned long' to 'int' [-Wsign-conversion]
        state = ((*IDR & (1<<pin)) >>pin);
              ~  ~~~~~~~~~~~~~~~~~~^~~~~
../kutuphaneler/gp_driver.c(53): warning: variable 'IDR' is used uninitialized whenever 'if' condition is false [-Wsometimes-uninitialized]
        else if (port == 3)
                 ^~~~~~~~~
../kutuphaneler/gp_driver.c(57): note: uninitialized use occurs here
        state = ((*IDR & (1<<pin)) >>pin);
                   ^~~
../kutuphaneler/gp_driver.c(53): note: remove the 'if' if its condition is always true
        else if (port == 3)
             ^~~~~~~~~~~~~~
../kutuphaneler/gp_driver.c(41): note: initialize the variable 'IDR' to silence this warning
        volatile unsigned long * IDR;
                                    ^
                                     = 0
../kutuphaneler/gp_driver.c(79): warning: implicit conversion changes signedness: 'int' to 'unsigned long' [-Wsign-conversion]
        state ? (*ODR |= (state<<pin)) : (*ODR &= ~(1<<pin));
                      ~~  ~~~~~^~~~~
../kutuphaneler/gp_driver.c(79): warning: variable 'ODR' may be uninitialized when used here [-Wconditional-uninitialized]
        state ? (*ODR |= (state<<pin)) : (*ODR &= ~(1<<pin));
                  ^~~
../kutuphaneler/gp_driver.c(64): note: initialize the variable 'ODR' to silence this warning
        volatile unsigned long * ODR;
                                    ^
                                     = 0
7 warnings generated.
compiling gp_driver.c...
../kutuphaneler/help_func.c(80): warning: implicitly declaring library function 'malloc' with type 'void *(unsigned int)' [-Wimplicit-function-declaration]
        str = (char*) malloc(10*sizeof(char));
                      ^
../kutuphaneler/help_func.c(80): note: include the header <stdlib.h> or explicitly provide a declaration for 'malloc'
../kutuphaneler/help_func.c(88): warning: implicit conversion loses integer precision: 'unsigned int' to 'char' [-Wimplicit-int-conversion]
                len_str[count] = num % div + 0x30;
                               ~ ~~~~~~~~~~^~~~~~
../kutuphaneler/help_func.c(93): warning: implicit conversion loses integer precision: 'unsigned int' to 'char' [-Wimplicit-int-conversion]
        len_str[count] = num + 0x30;
                       ~ ~~~~^~~~~~
../kutuphaneler/help_func.c(81): warning: mixing declarations and code is a C99 extension [-Wdeclaration-after-statement]
        char len_str[30];
             ^
4 warnings generated.
compiling help_func.c...
../kutuphaneler/systick_delay.c(2): warning: In file included from...
D:/Keil_v5/Packs/Keil/STM32F1xx_DFP/2.4.1/Device/Include\stm32f10x.h(18): warning: invalid UTF-8 in comment [-Winvalid-utf8]
  *              - To use or not the peripheral<92>s drivers in application code(i.e. 
                                               ^
D:/Keil_v5/Packs/Keil/STM32F1xx_DFP/2.4.1/Device/Include\stm32f10x.h(19): warning: invalid UTF-8 in comment [-Winvalid-utf8]
  *                code will be based on direct access to peripheral<92>s registers 
                                                                    ^
D:/Keil_v5/Packs/Keil/STM32F1xx_DFP/2.4.1/Device/Include\stm32f10x.h(26): warning: invalid UTF-8 in comment [-Winvalid-utf8]
  *           - Macros to access peripheral<92>s registers hardware
                                           ^
3 warnings generated.
compiling systick_delay.c...
../kutuphaneler/i2c_driver.c(1): warning: In file included from...
../kutuphaneler/i2c_driver.h(1): warning: In file included from...
D:/Keil_v5/Packs/Keil/STM32F1xx_DFP/2.4.1/Device/Include\stm32f10x.h(18): warning: invalid UTF-8 in comment [-Winvalid-utf8]
  *              - To use or not the peripheral<92>s drivers in application code(i.e. 
                                               ^
D:/Keil_v5/Packs/Keil/STM32F1xx_DFP/2.4.1/Device/Include\stm32f10x.h(19): warning: invalid UTF-8 in comment [-Winvalid-utf8]
  *                code will be based on direct access to peripheral<92>s registers 
                                                                    ^
D:/Keil_v5/Packs/Keil/STM32F1xx_DFP/2.4.1/Device/Include\stm32f10x.h(26): warning: invalid UTF-8 in comment [-Winvalid-utf8]
  *           - Macros to access peripheral<92>s registers hardware
                                           ^
../kutuphaneler/i2c_driver.c(72): warning: variable 'temp' set but not used [-Wunused-but-set-variable]
        volatile int temp;
                     ^
../kutuphaneler/i2c_driver.c(105): warning: non-void function does not return a value in all control paths [-Wreturn-type]
}
^
../kutuphaneler/i2c_driver.c(101): warning: 'break' will never be executed [-Wunreachable-code-break]
                                break;
                                ^~~~~
../kutuphaneler/i2c_driver.c(85): warning: 'break' will never be executed [-Wunreachable-code-break]
                                break;
                                ^~~~~
../kutuphaneler/i2c_driver.c(84): warning: variable 'ACK_NACK' is uninitialized when used here [-Wuninitialized]
                                return ACK_NACK;
                                       ^~~~~~~~
../kutuphaneler/i2c_driver.c(71): note: initialize the variable 'ACK_NACK' to silence this warning
        char ACK_NACK;
                     ^
                      = '\0'
../kutuphaneler/i2c_driver.c(130): warning: variable 'temp' set but not used [-Wunused-but-set-variable]
        volatile int temp;
                     ^
../kutuphaneler/i2c_driver.c(161): warning: implicit conversion loses integer precision: 'volatile uint16_t' (aka 'volatile unsigned short') to 'char' [-Wimplicit-int-conversion]
                temp = I2C1->DR;
                     ~ ~~~~~~^~
../kutuphaneler/i2c_driver.c(172): warning: implicit conversion loses integer precision: 'volatile uint16_t' (aka 'volatile unsigned short') to 'char' [-Wimplicit-int-conversion]
                temp = I2C2->DR;
                     ~ ~~~~~~^~
../kutuphaneler/i2c_driver.c(167): warning: variable 'temp' is used uninitialized whenever 'if' condition is false [-Wsometimes-uninitialized]
        else if(i2c == 2)
                ^~~~~~~~
../kutuphaneler/i2c_driver.c(178): note: uninitialized use occurs here
        return temp;
               ^~~~
../kutuphaneler/i2c_driver.c(167): note: remove the 'if' if its condition is always true
        else if(i2c == 2)
             ^~~~~~~~~~~~
../kutuphaneler/i2c_driver.c(155): note: initialize the variable 'temp' to silence this warning
        char temp;
                 ^
                  = '\0'
12 warnings generated.
compiling i2c_driver.c...
main.c(1): warning: In file included from...
D:/Keil_v5/Packs/Keil/STM32F1xx_DFP/2.4.1/Device/Include\stm32f10x.h(18): warning: invalid UTF-8 in comment [-Winvalid-utf8]
  *              - To use or not the peripheral<92>s drivers in application code(i.e. 
                                               ^
D:/Keil_v5/Packs/Keil/STM32F1xx_DFP/2.4.1/Device/Include\stm32f10x.h(19): warning: invalid UTF-8 in comment [-Winvalid-utf8]
  *                code will be based on direct access to peripheral<92>s registers 
                                                                    ^
D:/Keil_v5/Packs/Keil/STM32F1xx_DFP/2.4.1/Device/Include\stm32f10x.h(26): warning: invalid UTF-8 in comment [-Winvalid-utf8]
  *           - Macros to access peripheral<92>s registers hardware
                                           ^
main.c(72): warning: implicitly declaring library function 'free' with type 'void (void *)' [-Wimplicit-function-declaration]
                free(temp); /* into2char function allocate memory each time it s called. Need to be deallocated */
                ^
main.c(72): note: include the header <stdlib.h> or explicitly provide a declaration for 'free'
main.c(33): warning: mixing declarations and code is a C99 extension [-Wdeclaration-after-statement]
        unsigned int currentTestNo;
                     ^
5 warnings generated.
compiling main.c...
assembling startup_stm32f10x_md.s...
../kutuphaneler/1602_i2c_driver.c(1): warning: In file included from...
../kutuphaneler/1602_i2c_driver.h(1): warning: In file included from...
../kutuphaneler/i2c_driver.h(1): warning: In file included from...
D:/Keil_v5/Packs/Keil/STM32F1xx_DFP/2.4.1/Device/Include\stm32f10x.h(18): warning: invalid UTF-8 in comment [-Winvalid-utf8]
  *              - To use or not the peripheral<92>s drivers in application code(i.e. 
                                               ^
D:/Keil_v5/Packs/Keil/STM32F1xx_DFP/2.4.1/Device/Include\stm32f10x.h(19): warning: invalid UTF-8 in comment [-Winvalid-utf8]
  *                code will be based on direct access to peripheral<92>s registers 
                                                                    ^
D:/Keil_v5/Packs/Keil/STM32F1xx_DFP/2.4.1/Device/Include\stm32f10x.h(26): warning: invalid UTF-8 in comment [-Winvalid-utf8]
  *           - Macros to access peripheral<92>s registers hardware
                                           ^
3 warnings generated.
compiling 1602_i2c_driver.c...
RTE/Device/STM32F103C8/system_stm32f10x.c(64): warning: In file included from...
D:/Keil_v5/Packs/Keil/STM32F1xx_DFP/2.4.1/Device/Include\stm32f10x.h(18): warning: invalid UTF-8 in comment [-Winvalid-utf8]
  *              - To use or not the peripheral<92>s drivers in application code(i.e. 
                                               ^
D:/Keil_v5/Packs/Keil/STM32F1xx_DFP/2.4.1/Device/Include\stm32f10x.h(19): warning: invalid UTF-8 in comment [-Winvalid-utf8]
  *                code will be based on direct access to peripheral<92>s registers 
                                                                    ^
D:/Keil_v5/Packs/Keil/STM32F1xx_DFP/2.4.1/Device/Include\stm32f10x.h(26): warning: invalid UTF-8 in comment [-Winvalid-utf8]
  *           - Macros to access peripheral<92>s registers hardware
                                           ^
RTE/Device/STM32F103C8/system_stm32f10x.c(166): warning: no previous extern declaration for non-static variable 'AHBPrescTable' [-Wmissing-variable-declarations]
__I uint8_t AHBPrescTable[16] = {0, 0, 0, 0, 0, 0, 0, 0, 1, 2, 3, 4, 6, 7, 8, 9};
            ^
RTE/Device/STM32F103C8/system_stm32f10x.c(166): note: declare 'static' if the variable is not intended to be used outside of this translation unit
__I uint8_t AHBPrescTable[16] = {0, 0, 0, 0, 0, 0, 0, 0, 1, 2, 3, 4, 6, 7, 8, 9};
    ^
4 warnings generated.
compiling system_stm32f10x.c...
linking...
Program Size: Code=5332 RO-data=368 RW-data=0 ZI-data=1640  
".\Objects\load_switch_test.axf" - 0 Error(s), 38 Warning(s).

<h2>Software Packages used:</h2>

Package Vendor: ARM
                http://www.keil.com/pack/ARM.CMSIS.5.9.0.pack
                ARM.CMSIS.5.9.0
                CMSIS (Common Microcontroller Software Interface Standard)
   * Component: CORE Version: 5.6.0

Package Vendor: Keil
                https://www.keil.com/pack/Keil.STM32F1xx_DFP.2.4.1.pack
                Keil.STM32F1xx_DFP.2.4.1
                STMicroelectronics STM32F1 Series Device Support, Drivers and Examples
   * Component: Startup Version: 1.0.0

<h2>Collection of Component include folders:</h2>
  ./RTE/Device/STM32F103C8
  ./RTE/_Target_1
  D:/Keil_v5/Packs/ARM/CMSIS/5.9.0/CMSIS/Core/Include
  D:/Keil_v5/Packs/Keil/STM32F1xx_DFP/2.4.1/Device/Include

<h2>Collection of Component Files used:</h2>

   * Component: ARM::CMSIS:CORE:5.6.0

   * Component: Keil::Device:Startup:1.0.0
      Source file:   Device/Source/ARM/startup_stm32f10x_md.s
      Source file:   Device/Source/system_stm32f10x.c
      Source file:   Device/Source/ARM/STM32F1xx_OPT.s
      Include file:  RTE_Driver/Config/RTE_Device.h
Build Time Elapsed:  00:00:02
</pre>
</body>
</html>
