Component: Arm Compiler for Embedded 6.19 Tool: armlink [5e73cb00]

==============================================================================

Section Cross References

    main.o(.text.main) refers to main.o(.text.configSetup) for configSetup
    main.o(.text.main) refers to main.o(.text.startMessage) for startMessage
    main.o(.text.main) refers to main.o(.bss.quitSignal) for quitSignal
    main.o(.text.main) refers to help_func.o(.text.int2char) for int2char
    main.o(.text.main) refers to main.o(.text.printTest) for printTest
    main.o(.text.main) refers to main.o(.text.loaded) for loaded
    main.o(.text.main) refers to main.o(.text.unloaded) for unloaded
    main.o(.text.main) refers to main.o(.text.checkRelay) for checkRelay
    main.o(.text.main) refers to main.o(.text.relayErrorMessage) for relayErrorMessage
    main.o(.text.main) refers to main.o(.text.checkDeviceSupply) for checkDeviceSupply
    main.o(.text.main) refers to main.o(.text.checkDevice) for checkDevice
    main.o(.text.main) refers to main.o(.text.errorMessage) for errorMessage
    main.o(.text.main) refers to main.o(.text.supplyErrorMessage) for supplyErrorMessage
    main.o(.text.main) refers to h1_free.o(.text) for free
    main.o(.text.main) refers to main.o(.text.successMessage) for successMessage
    main.o(.ARM.exidx.text.main) refers to main.o(.text.main) for [Anonymous Symbol]
    main.o(.text.configSetup) refers to gp_driver.o(.text.gpio_init) for gpio_init
    main.o(.text.configSetup) refers to main.o(.text.__NVIC_EnableIRQ) for __NVIC_EnableIRQ
    main.o(.text.configSetup) refers to gp_driver.o(.text.write_GP) for write_GP
    main.o(.text.configSetup) refers to systick_delay.o(.text.systick_init) for systick_init
    main.o(.text.configSetup) refers to i2c_driver.o(.text.i2c_init) for i2c_init
    main.o(.text.configSetup) refers to systick_delay.o(.text.delayMS) for delayMS
    main.o(.text.configSetup) refers to 1602_i2c_driver.o(.text.displayInit) for displayInit
    main.o(.ARM.exidx.text.configSetup) refers to main.o(.text.configSetup) for [Anonymous Symbol]
    main.o(.text.startMessage) refers to main.o(.rodata.str1.1) for .L.str.5
    main.o(.text.startMessage) refers to 1602_i2c_driver.o(.text.displayMessage) for displayMessage
    main.o(.text.startMessage) refers to 1602_i2c_driver.o(.text.displayNewLine) for displayNewLine
    main.o(.text.startMessage) refers to systick_delay.o(.text.delayMS) for delayMS
    main.o(.text.startMessage) refers to 1602_i2c_driver.o(.text.displayClear) for displayClear
    main.o(.ARM.exidx.text.startMessage) refers to main.o(.text.startMessage) for [Anonymous Symbol]
    main.o(.text.printTest) refers to 1602_i2c_driver.o(.text.displayClear) for displayClear
    main.o(.text.printTest) refers to main.o(.rodata.str1.1) for .L.str.1
    main.o(.text.printTest) refers to 1602_i2c_driver.o(.text.displayMessage) for displayMessage
    main.o(.ARM.exidx.text.printTest) refers to main.o(.text.printTest) for [Anonymous Symbol]
    main.o(.text.loaded) refers to gp_driver.o(.text.write_GP) for write_GP
    main.o(.text.loaded) refers to systick_delay.o(.text.delayMS) for delayMS
    main.o(.ARM.exidx.text.loaded) refers to main.o(.text.loaded) for [Anonymous Symbol]
    main.o(.text.unloaded) refers to gp_driver.o(.text.write_GP) for write_GP
    main.o(.text.unloaded) refers to systick_delay.o(.text.delayMS) for delayMS
    main.o(.ARM.exidx.text.unloaded) refers to main.o(.text.unloaded) for [Anonymous Symbol]
    main.o(.text.checkRelay) refers to gp_driver.o(.text.read_GP) for read_GP
    main.o(.ARM.exidx.text.checkRelay) refers to main.o(.text.checkRelay) for [Anonymous Symbol]
    main.o(.text.relayErrorMessage) refers to 1602_i2c_driver.o(.text.displayClear) for displayClear
    main.o(.text.relayErrorMessage) refers to main.o(.rodata.str1.1) for .L.str.3
    main.o(.text.relayErrorMessage) refers to 1602_i2c_driver.o(.text.displayMessage) for displayMessage
    main.o(.text.relayErrorMessage) refers to 1602_i2c_driver.o(.text.displayNewLine) for displayNewLine
    main.o(.ARM.exidx.text.relayErrorMessage) refers to main.o(.text.relayErrorMessage) for [Anonymous Symbol]
    main.o(.text.checkDeviceSupply) refers to gp_driver.o(.text.read_GP) for read_GP
    main.o(.ARM.exidx.text.checkDeviceSupply) refers to main.o(.text.checkDeviceSupply) for [Anonymous Symbol]
    main.o(.text.checkDevice) refers to gp_driver.o(.text.write_GP) for write_GP
    main.o(.text.checkDevice) refers to systick_delay.o(.text.delayMS) for delayMS
    main.o(.text.checkDevice) refers to gp_driver.o(.text.read_GP) for read_GP
    main.o(.ARM.exidx.text.checkDevice) refers to main.o(.text.checkDevice) for [Anonymous Symbol]
    main.o(.text.errorMessage) refers to 1602_i2c_driver.o(.text.displayClear) for displayClear
    main.o(.text.errorMessage) refers to main.o(.rodata.str1.1) for .L.str
    main.o(.text.errorMessage) refers to 1602_i2c_driver.o(.text.displayMessage) for displayMessage
[...]
    1602_i2c_driver.o(.text.displayClear) refers to 1602_i2c_driver.o(.text.displayWrite) for displayWrite
    1602_i2c_driver.o(.text.displayClear) refers to systick_delay.o(.text.delayMS) for delayMS
    1602_i2c_driver.o(.ARM.exidx.text.displayClear) refers to 1602_i2c_driver.o(.text.displayClear) for [Anonymous Symbol]
    1602_i2c_driver.o(.text.displayOnOff) refers to 1602_i2c_driver.o(.text.displayWrite) for displayWrite
    1602_i2c_driver.o(.text.displayOnOff) refers to systick_delay.o(.text.delayMS) for delayMS
    1602_i2c_driver.o(.ARM.exidx.text.displayOnOff) refers to 1602_i2c_driver.o(.text.displayOnOff) for [Anonymous Symbol]
    1602_i2c_driver.o(.text.displayNewLine) refers to 1602_i2c_driver.o(.text.displayWrite) for displayWrite
    1602_i2c_driver.o(.text.displayNewLine) refers to systick_delay.o(.text.delayMS) for delayMS
    1602_i2c_driver.o(.ARM.exidx.text.displayNewLine) refers to 1602_i2c_driver.o(.text.displayNewLine) for [Anonymous Symbol]
    1602_i2c_driver.o(.text.displayShiftCursor) refers to 1602_i2c_driver.o(.text.displayWrite) for displayWrite
    1602_i2c_driver.o(.text.displayShiftCursor) refers to systick_delay.o(.text.delayMS) for delayMS
    1602_i2c_driver.o(.ARM.exidx.text.displayShiftCursor) refers to 1602_i2c_driver.o(.text.displayShiftCursor) for [Anonymous Symbol]
    i2c_driver.o(.text.i2c_init) refers to gp_driver.o(.text.gpio_init) for gpio_init
    i2c_driver.o(.ARM.exidx.text.i2c_init) refers to i2c_driver.o(.text.i2c_init) for [Anonymous Symbol]
    i2c_driver.o(.ARM.exidx.text.i2c_start) refers to i2c_driver.o(.text.i2c_start) for [Anonymous Symbol]
    i2c_driver.o(.ARM.exidx.text.i2c_address) refers to i2c_driver.o(.text.i2c_address) for [Anonymous Symbol]
    i2c_driver.o(.ARM.exidx.text.i2c_data) refers to i2c_driver.o(.text.i2c_data) for [Anonymous Symbol]
    i2c_driver.o(.ARM.exidx.text.i2c_stop) refers to i2c_driver.o(.text.i2c_stop) for [Anonymous Symbol]
    i2c_driver.o(.text.i2c_write) refers to i2c_driver.o(.text.i2c_start) for i2c_start
    i2c_driver.o(.text.i2c_write) refers to i2c_driver.o(.text.i2c_address) for i2c_address
    i2c_driver.o(.text.i2c_write) refers to i2c_driver.o(.text.i2c_data) for i2c_data
    i2c_driver.o(.text.i2c_write) refers to i2c_driver.o(.text.i2c_stop) for i2c_stop
    i2c_driver.o(.ARM.exidx.text.i2c_write) refers to i2c_driver.o(.text.i2c_write) for [Anonymous Symbol]
    i2c_driver.o(.ARM.exidx.text.i2c_read) refers to i2c_driver.o(.text.i2c_read) for [Anonymous Symbol]
    help_func.o(.ARM.exidx.text.str_len) refers to help_func.o(.text.str_len) for [Anonymous Symbol]
    help_func.o(.text.str_find) refers to help_func.o(.text.str_len) for str_len
    help_func.o(.ARM.exidx.text.str_find) refers to help_func.o(.text.str_find) for [Anonymous Symbol]
    help_func.o(.text.str_exact) refers to help_func.o(.text.str_len) for str_len
    help_func.o(.text.str_exact) refers to help_func.o(.text.str_find) for str_find
    help_func.o(.ARM.exidx.text.str_exact) refers to help_func.o(.text.str_exact) for [Anonymous Symbol]
    help_func.o(.ARM.exidx.text.str_merge) refers to help_func.o(.text.str_merge) for [Anonymous Symbol]
    help_func.o(.text.int2char) refers to h1_alloc.o(.text) for malloc
    help_func.o(.ARM.exidx.text.int2char) refers to help_func.o(.text.int2char) for [Anonymous Symbol]
    help_func.o(.text.char2int) refers to help_func.o(.text.str_len) for str_len
    help_func.o(.ARM.exidx.text.char2int) refers to help_func.o(.text.char2int) for [Anonymous Symbol]
    help_func.o(.ARM.exidx.text.str_empty) refers to help_func.o(.text.str_empty) for [Anonymous Symbol]
    startup_stm32f10x_md.o(STACK) refers (Special) to heapauxi.o(.text) for __use_two_region_memory
    startup_stm32f10x_md.o(HEAP) refers (Special) to heapauxi.o(.text) for __use_two_region_memory
    startup_stm32f10x_md.o(RESET) refers (Special) to heapauxi.o(.text) for __use_two_region_memory
    startup_stm32f10x_md.o(RESET) refers to startup_stm32f10x_md.o(STACK) for __initial_sp
    startup_stm32f10x_md.o(RESET) refers to startup_stm32f10x_md.o(.text) for Reset_Handler
    startup_stm32f10x_md.o(RESET) refers to main.o(.text.EXTI0_IRQHandler) for EXTI0_IRQHandler
    startup_stm32f10x_md.o(.text) refers (Special) to heapauxi.o(.text) for __use_two_region_memory
    startup_stm32f10x_md.o(.text) refers to system_stm32f10x.o(.text.SystemInit) for SystemInit
    startup_stm32f10x_md.o(.text) refers to __main.o(!!!main) for __main
    startup_stm32f10x_md.o(.text) refers to startup_stm32f10x_md.o(HEAP) for Heap_Mem
    startup_stm32f10x_md.o(.text) refers to startup_stm32f10x_md.o(STACK) for Stack_Mem
    system_stm32f10x.o(.text.SystemInit) refers to system_stm32f10x.o(.text.SetSysClock) for SetSysClock
    system_stm32f10x.o(.ARM.exidx.text.SystemInit) refers to system_stm32f10x.o(.text.SystemInit) for [Anonymous Symbol]
    system_stm32f10x.o(.text.SetSysClock) refers to system_stm32f10x.o(.text.SetSysClockTo72) for SetSysClockTo72
    system_stm32f10x.o(.ARM.exidx.text.SetSysClock) refers to system_stm32f10x.o(.text.SetSysClock) for [Anonymous Symbol]
    system_stm32f10x.o(.text.SystemCoreClockUpdate) refers to system_stm32f10x.o(.data.SystemCoreClock) for SystemCoreClock
    system_stm32f10x.o(.text.SystemCoreClockUpdate) refers to system_stm32f10x.o(.rodata.AHBPrescTable) for AHBPrescTable
    system_stm32f10x.o(.ARM.exidx.text.SystemCoreClockUpdate) refers to system_stm32f10x.o(.text.SystemCoreClockUpdate) for [Anonymous Symbol]
    system_stm32f10x.o(.ARM.exidx.text.SetSysClockTo72) refers to system_stm32f10x.o(.text.SetSysClockTo72) for [Anonymous Symbol]
    malloc.o(.text) refers (Special) to hguard.o(.text) for __heap$guard
    malloc.o(.text) refers (Special) to init_alloc.o(.text) for _init_alloc
    malloc.o(.text) refers to rt_heap_descriptor_intlibspace.o(.text) for __rt_heap_descriptor
    malloc.o(.text) refers to heapstubs.o(.text) for __Heap_Alloc
    free.o(.text) refers (Special) to hguard.o(.text) for __heap$guard
    free.o(.text) refers to rt_heap_descriptor_intlibspace.o(.text) for __rt_heap_descriptor
    free.o(.text) refers to heapstubs.o(.text) for __Heap_Free
    h1_alloc.o(.text) refers (Special) to h1_init.o(.text) for __Heap_Initialize
    h1_alloc.o(.text) refers to rt_heap_descriptor_intlibspace.o(.text) for __rt_heap_descriptor
    h1_alloc.o(.text) refers to init_alloc.o(.text) for __Heap_Full
    h1_free.o(.text) refers to rt_heap_descriptor_intlibspace.o(.text) for __rt_heap_descriptor
    h1_alloc_threads.o(.text) refers (Special) to h1_init.o(.text) for __Heap_Initialize
    h1_alloc_threads.o(.text) refers to init_alloc.o(.text) for __Heap_Full
    h1_alloc_threads.o(.text) refers to rt_heap_descriptor_intlibspace.o(.text) for __rt_heap_descriptor
    h1_free_threads.o(.text) refers to rt_heap_descriptor_intlibspace.o(.text) for __rt_heap_descriptor
    heap2.o(i._FDIterate) refers to heap2.o(.conststring) for .conststring
    heap2.o(i.__Heap_ProvideMemory$realtime) refers to fdtree.o(i._FDTree_Delete) for _FDTree_Delete
    heap2.o(i.__Heap_ProvideMemory$realtime) refers to fdtree.o(i._FDTree_Insert) for _FDTree_Insert
    heap2.o(i.__Heap_Stats$realtime) refers to heap2.o(i._Heap2_StatsIterate) for _Heap2_StatsIterate
    heap2.o(i.__Heap_Valid$realtime) refers to heap2.o(i._FDIterate) for _FDIterate
    heap2.o(i.__Heap_Valid$realtime) refers to heap2.o(.conststring) for .conststring
    heap2.o(i.free$realtime) refers to rt_heap_descriptor_intlibspace.o(.text) for __rt_heap_descriptor
    heap2.o(i.free$realtime) refers to fdtree.o(i._FDTree_Delete) for _FDTree_Delete
    heap2.o(i.free$realtime) refers to fdtree.o(i._FDTree_Insert) for _FDTree_Insert
    heap2.o(i.malloc$realtime) refers to rt_heap_descriptor_intlibspace.o(.text) for __rt_heap_descriptor
    heap2.o(i.malloc$realtime) refers to fdtree.o(i._FDTree_FindFirst) for _FDTree_FindFirst
    heap2.o(i.malloc$realtime) refers to init_alloc.o(.text) for __Heap_Full
    heap2.o(i.malloc$realtime) refers to fdtree.o(i._FDTree_RemoveNode) for _FDTree_RemoveNode
    heap2.o(i.malloc$realtime) refers to fdtree.o(i._FDTree_Insert) for _FDTree_Insert
    heap2.o(i.posix_memalign$realtime) refers to rt_heap_descriptor_intlibspace.o(.text) for __rt_heap_descriptor
    heap2.o(i.posix_memalign$realtime) refers to fdtree.o(i._FDTree_FindFirst) for _FDTree_FindFirst
    heap2.o(i.posix_memalign$realtime) refers to init_alloc.o(.text) for __Heap_Full
    heap2.o(i.posix_memalign$realtime) refers to fdtree.o(i._FDTree_RemoveNode) for _FDTree_RemoveNode
    heap2.o(i.posix_memalign$realtime) refers to fdtree.o(i._FDTree_Insert) for _FDTree_Insert
    heap2.o(i.realloc$realtime) refers to rt_heap_descriptor_intlibspace.o(.text) for __rt_heap_descriptor
    heap2.o(i.realloc$realtime) refers to fdtree.o(i._FDTree_Insert) for _FDTree_Insert
    heap2.o(i.realloc$realtime) refers to h1_free.o(.text) for free
    heap2.o(i.realloc$realtime) refers to h1_alloc.o(.text) for malloc
    heap2.o(i.realloc$realtime) refers to fdtree.o(i._FDTree_Delete) for _FDTree_Delete
    heap2.o(i.realloc$realtime) refers to rt_memcpy_w.o(.text) for __aeabi_memcpy4
    heap2_threads.o(i._FDIterate) refers to heap2_threads.o(.conststring) for .conststring
    heap2_threads.o(i.__Heap_Initialize$realtime$concurrent) refers to mutex_dummy.o(.text) for _mutex_initialize
    heap2_threads.o(i.__Heap_ProvideMemory$realtime$concurrent) refers to fdtree.o(i._FDTree_Delete) for _FDTree_Delete
    heap2_threads.o(i.__Heap_ProvideMemory$realtime$concurrent) refers to fdtree.o(i._FDTree_Insert) for _FDTree_Insert
    heap2_threads.o(i.__Heap_Stats$realtime$concurrent) refers to heap2_threads.o(i._Heap2_StatsIterate) for _Heap2_StatsIterate
    heap2_threads.o(i.__Heap_Valid$realtime$concurrent) refers to heap2_threads.o(i._FDIterate) for _FDIterate
    heap2_threads.o(i.__Heap_Valid$realtime$concurrent) refers to heap2_threads.o(.conststring) for .conststring
    heap2_threads.o(i.free$realtime$concurrent) refers to rt_heap_descriptor_intlibspace.o(.text) for __rt_heap_descriptor
    heap2_threads.o(i.free$realtime$concurrent) refers to fdtree.o(i._FDTree_Delete) for _FDTree_Delete
    heap2_threads.o(i.free$realtime$concurrent) refers to fdtree.o(i._FDTree_Insert) for _FDTree_Insert
    heap2_threads.o(i.malloc$realtime$concurrent) refers to rt_heap_descriptor_intlibspace.o(.text) for __rt_heap_descriptor
    heap2_threads.o(i.malloc$realtime$concurrent) refers to fdtree.o(i._FDTree_FindFirst) for _FDTree_FindFirst
    heap2_threads.o(i.malloc$realtime$concurrent) refers to init_alloc.o(.text) for __Heap_Full
    heap2_threads.o(i.malloc$realtime$concurrent) refers to fdtree.o(i._FDTree_RemoveNode) for _FDTree_RemoveNode
    heap2_threads.o(i.malloc$realtime$concurrent) refers to fdtree.o(i._FDTree_Insert) for _FDTree_Insert
    heap2_threads.o(i.posix_memalign$realtime$concurrent) refers to rt_heap_descriptor_intlibspace.o(.text) for __rt_heap_descriptor
    heap2_threads.o(i.posix_memalign$realtime$concurrent) refers to fdtree.o(i._FDTree_FindFirst) for _FDTree_FindFirst
    heap2_threads.o(i.posix_memalign$realtime$concurrent) refers to init_alloc.o(.text) for __Heap_Full
    heap2_threads.o(i.posix_memalign$realtime$concurrent) refers to fdtree.o(i._FDTree_RemoveNode) for _FDTree_RemoveNode
    heap2_threads.o(i.posix_memalign$realtime$concurrent) refers to fdtree.o(i._FDTree_Insert) for _FDTree_Insert
    heap2_threads.o(i.realloc$realtime$concurrent) refers to rt_heap_descriptor_intlibspace.o(.text) for __rt_heap_descriptor
    heap2_threads.o(i.realloc$realtime$concurrent) refers to fdtree.o(i._FDTree_Insert) for _FDTree_Insert
    heap2_threads.o(i.realloc$realtime$concurrent) refers to h1_free.o(.text) for free
    heap2_threads.o(i.realloc$realtime$concurrent) refers to h1_alloc.o(.text) for malloc
    heap2_threads.o(i.realloc$realtime$concurrent) refers to fdtree.o(i._FDTree_Delete) for _FDTree_Delete
    heap2_threads.o(i.realloc$realtime$concurrent) refers to rt_memcpy_w.o(.text) for __aeabi_memcpy4
    __main.o(!!!main) refers to __rtentry.o(.ARM.Collect$$rtentry$$00000000) for __rt_entry
    __rtentry.o(.ARM.Collect$$rtentry$$00000000) refers (Special) to __rtentry2.o(.ARM.Collect$$rtentry$$0000000A) for __rt_entry_li
    __rtentry.o(.ARM.Collect$$rtentry$$00000000) refers (Special) to __rtentry2.o(.ARM.Collect$$rtentry$$0000000D) for __rt_entry_main
    __rtentry.o(.ARM.Collect$$rtentry$$00000000) refers (Special) to __rtentry2.o(.ARM.Collect$$rtentry$$0000000C) for __rt_entry_postli_1
    __rtentry.o(.ARM.Collect$$rtentry$$00000000) refers (Special) to __rtentry2.o(.ARM.Collect$$rtentry$$00000009) for __rt_entry_postsh_1
    __rtentry.o(.ARM.Collect$$rtentry$$00000000) refers (Special) to __rtentry2.o(.ARM.Collect$$rtentry$$00000002) for __rt_entry_presh_1
    __rtentry.o(.ARM.Collect$$rtentry$$00000000) refers (Special) to __rtentry4.o(.ARM.Collect$$rtentry$$00000004) for __rt_entry_sh
    rt_heap_descriptor.o(.text) refers to rt_heap_descriptor.o(.bss) for __rt_heap_descriptor_data
    rt_heap_descriptor_intlibspace.o(.text) refers to libspace.o(.bss) for __libspace_start
    init_alloc.o(.text) refers (Special) to hguard.o(.text) for __heap$guard
    init_alloc.o(.text) refers (Special) to libinit2.o(.ARM.Collect$$libinit$$00000007) for __rt_lib_init_heap_2
    init_alloc.o(.text) refers (Special) to maybetermalloc1.o(.text) for _maybe_terminate_alloc
    init_alloc.o(.text) refers to h1_extend.o(.text) for __Heap_ProvideMemory
    init_alloc.o(.text) refers to defsig_rtmem_outer.o(.text) for __rt_SIGRTMEM
    init_alloc.o(.text) refers to rt_heap_descriptor_intlibspace.o(.text) for __rt_heap_descriptor
    init_alloc.o(.text) refers to h1_init.o(.text) for __Heap_Initialize
    h1_init_threads.o(.text) refers to mutex_dummy.o(.text) for _mutex_initialize
    _get_argv.o(.text) refers (Special) to hrguard.o(.text) for __heap_region$guard
    _get_argv.o(.text) refers to h1_alloc.o(.text) for malloc
    _get_argv.o(.text) refers to defsig_rtmem_outer.o(.text) for __rt_SIGRTMEM
    _get_argv.o(.text) refers to sys_command.o(.text) for _sys_command_string
    libinit2.o(.ARM.Collect$$libinit$$00000007) refers (Weak) to init_alloc.o(.text) for _init_alloc
    libinit2.o(.ARM.Collect$$libinit$$00000012) refers to libinit2.o(.ARM.Collect$$libinit$$00000011) for .ARM.Collect$$libinit$$00000011
    libinit2.o(.ARM.Collect$$libinit$$00000014) refers to libinit2.o(.ARM.Collect$$libinit$$00000011) for .ARM.Collect$$libinit$$00000011
    libinit2.o(.ARM.Collect$$libinit$$00000016) refers to libinit2.o(.ARM.Collect$$libinit$$00000011) for .ARM.Collect$$libinit$$00000011
    libinit2.o(.ARM.Collect$$libinit$$00000018) refers to libinit2.o(.ARM.Collect$$libinit$$00000011) for .ARM.Collect$$libinit$$00000011
    libinit2.o(.ARM.Collect$$libinit$$0000001A) refers to libinit2.o(.ARM.Collect$$libinit$$00000011) for .ARM.Collect$$libinit$$00000011
    libinit2.o(.ARM.Collect$$libinit$$00000028) refers to argv_veneer.o(.emb_text) for __ARM_argv_veneer
    libinit2.o(.ARM.Collect$$libinit$$00000029) refers to argv_veneer.o(.emb_text) for __ARM_argv_veneer
    sys_command.o(.text) refers (Special) to use_no_semi.o(.text) for __I$use$semihosting
    sys_command.o(.text) refers (Special) to indicate_semi.o(.text) for __semihosting_library_function
    sys_command_hlt.o(.text) refers (Special) to use_no_semi.o(.text) for __I$use$semihosting
    sys_command_hlt.o(.text) refers (Special) to indicate_semi.o(.text) for __semihosting_library_function
    libspace.o(.text) refers to libspace.o(.bss) for __libspace_start
    __rtentry2.o(.ARM.Collect$$rtentry$$00000008) refers to boardinit2.o(.text) for _platform_post_stackheap_init
    __rtentry2.o(.ARM.Collect$$rtentry$$0000000A) refers to libinit.o(.ARM.Collect$$libinit$$00000000) for __rt_lib_init
    __rtentry2.o(.ARM.Collect$$rtentry$$0000000B) refers to boardinit3.o(.text) for _platform_post_lib_init
    __rtentry2.o(.ARM.Collect$$rtentry$$0000000D) refers to main.o(.text.main) for main
    __rtentry2.o(.ARM.Collect$$rtentry$$0000000D) refers to exit.o(.text) for exit
    __rtentry2.o(.ARM.exidx) refers to __rtentry2.o(.ARM.Collect$$rtentry$$00000001) for .ARM.Collect$$rtentry$$00000001
    __rtentry2.o(.ARM.exidx) refers to __rtentry2.o(.ARM.Collect$$rtentry$$00000008) for .ARM.Collect$$rtentry$$00000008
    __rtentry2.o(.ARM.exidx) refers to __rtentry2.o(.ARM.Collect$$rtentry$$0000000A) for .ARM.Collect$$rtentry$$0000000A
    __rtentry2.o(.ARM.exidx) refers to __rtentry2.o(.ARM.Collect$$rtentry$$0000000B) for .ARM.Collect$$rtentry$$0000000B
    __rtentry2.o(.ARM.exidx) refers to __rtentry2.o(.ARM.Collect$$rtentry$$0000000D) for .ARM.Collect$$rtentry$$0000000D
    __rtentry4.o(.ARM.Collect$$rtentry$$00000004) refers to sys_stackheap_outer.o(.text) for __user_setup_stackheap
    __rtentry4.o(.ARM.exidx) refers to __rtentry4.o(.ARM.Collect$$rtentry$$00000004) for .ARM.Collect$$rtentry$$00000004
    maybetermalloc2.o(.text) refers (Special) to term_alloc.o(.text) for _terminate_alloc
    h1_extend.o(.text) refers to h1_free.o(.text) for free
    h1_extend_threads.o(.text) refers to h1_free_threads.o(.text) for free_internal$concurrent
    defsig_rtmem_outer.o(.text) refers to defsig_rtmem_inner.o(.text) for __rt_SIGRTMEM_inner
    defsig_rtmem_outer.o(.text) refers to defsig_exit.o(.text) for __sig_exit
    defsig_rtmem_formal.o(.text) refers to rt_raise.o(.text) for __rt_raise
    heapauxa.o(.text) refers to heapauxa.o(.data) for .data
    argv_veneer.o(.emb_text) refers to no_argv.o(.text) for __ARM_get_argv
    sys_stackheap_outer.o(.text) refers to libspace.o(.text) for __user_perproc_libspace
    sys_stackheap_outer.o(.text) refers to startup_stm32f10x_md.o(.text) for __user_initial_stackheap
    rt_raise.o(.text) refers to __raise.o(.text) for __raise
    rt_raise.o(.text) refers to sys_exit.o(.text) for _sys_exit
    term_alloc.o(.text) refers (Special) to libshutdown2.o(.ARM.Collect$$libshutdown$$0000000E) for __rt_lib_shutdown_heap_2
    term_alloc.o(.text) refers to rt_heap_descriptor_intlibspace.o(.text) for __rt_heap_descriptor
    term_alloc.o(.text) refers to h1_final.o(.text) for __Heap_Finalize
    exit.o(.text) refers to rtexit.o(.ARM.Collect$$rtexit$$00000000) for __rt_exit
    defsig_exit.o(.text) refers to sys_exit.o(.text) for _sys_exit
    defsig_rtmem_inner.o(.text) refers to defsig_general.o(.text) for __default_signal_display
    _get_argv_nomalloc.o(.text) refers (Special) to hrguard.o(.text) for __heap_region$guard
    _get_argv_nomalloc.o(.text) refers to defsig_rtmem_outer.o(.text) for __rt_SIGRTMEM
    _get_argv_nomalloc.o(.text) refers to sys_command.o(.text) for _sys_command_string
    libinit.o(.ARM.Collect$$libinit$$00000000) refers (Special) to libinit2.o(.ARM.Collect$$libinit$$00000030) for __rt_lib_init_alloca_1
    libinit.o(.ARM.Collect$$libinit$$00000000) refers (Special) to libinit2.o(.ARM.Collect$$libinit$$0000002E) for __rt_lib_init_argv_1
    libinit.o(.ARM.Collect$$libinit$$00000000) refers (Special) to libinit2.o(.ARM.Collect$$libinit$$0000001D) for __rt_lib_init_atexit_1
    libinit.o(.ARM.Collect$$libinit$$00000000) refers (Special) to libinit2.o(.ARM.Collect$$libinit$$00000023) for __rt_lib_init_clock_1
    libinit.o(.ARM.Collect$$libinit$$00000000) refers (Special) to libinit2.o(.ARM.Collect$$libinit$$00000034) for __rt_lib_init_cpp_1
    libinit.o(.ARM.Collect$$libinit$$00000000) refers (Special) to libinit2.o(.ARM.Collect$$libinit$$00000032) for __rt_lib_init_exceptions_1
    libinit.o(.ARM.Collect$$libinit$$00000000) refers (Special) to libinit2.o(.ARM.Collect$$libinit$$00000002) for __rt_lib_init_fp_1
    libinit.o(.ARM.Collect$$libinit$$00000000) refers (Special) to libinit2.o(.ARM.Collect$$libinit$$00000021) for __rt_lib_init_fp_trap_1
    libinit.o(.ARM.Collect$$libinit$$00000000) refers (Special) to libinit2.o(.ARM.Collect$$libinit$$00000025) for __rt_lib_init_getenv_1
    libinit.o(.ARM.Collect$$libinit$$00000000) refers (Special) to libinit2.o(.ARM.Collect$$libinit$$0000000C) for __rt_lib_init_heap_1
    libinit.o(.ARM.Collect$$libinit$$00000000) refers (Special) to libinit2.o(.ARM.Collect$$libinit$$00000013) for __rt_lib_init_lc_collate_1
    libinit.o(.ARM.Collect$$libinit$$00000000) refers (Special) to libinit2.o(.ARM.Collect$$libinit$$00000015) for __rt_lib_init_lc_ctype_1
    libinit.o(.ARM.Collect$$libinit$$00000000) refers (Special) to libinit2.o(.ARM.Collect$$libinit$$00000017) for __rt_lib_init_lc_monetary_1
    libinit.o(.ARM.Collect$$libinit$$00000000) refers (Special) to libinit2.o(.ARM.Collect$$libinit$$00000019) for __rt_lib_init_lc_numeric_1
    libinit.o(.ARM.Collect$$libinit$$00000000) refers (Special) to libinit2.o(.ARM.Collect$$libinit$$0000001B) for __rt_lib_init_lc_time_1
    libinit.o(.ARM.Collect$$libinit$$00000000) refers (Special) to libinit2.o(.ARM.Collect$$libinit$$00000006) for __rt_lib_init_preinit_1
    libinit.o(.ARM.Collect$$libinit$$00000000) refers (Special) to libinit2.o(.ARM.Collect$$libinit$$00000010) for __rt_lib_init_rand_1
    libinit.o(.ARM.Collect$$libinit$$00000000) refers (Special) to libinit2.o(.ARM.Collect$$libinit$$00000004) for __rt_lib_init_relocate_pie_1
    libinit.o(.ARM.Collect$$libinit$$00000000) refers (Special) to libinit2.o(.ARM.Collect$$libinit$$00000035) for __rt_lib_init_return
    libinit.o(.ARM.Collect$$libinit$$00000000) refers (Special) to libinit2.o(.ARM.Collect$$libinit$$0000001F) for __rt_lib_init_signal_1
    libinit.o(.ARM.Collect$$libinit$$00000000) refers (Special) to libinit2.o(.ARM.Collect$$libinit$$00000027) for __rt_lib_init_stdio_1
    libinit.o(.ARM.Collect$$libinit$$00000000) refers (Special) to libinit2.o(.ARM.Collect$$libinit$$0000000E) for __rt_lib_init_user_alloc_1
    sys_exit.o(.text) refers (Special) to use_no_semi.o(.text) for __I$use$semihosting
    sys_exit.o(.text) refers (Special) to indicate_semi.o(.text) for __semihosting_library_function
    sys_exit_hlt.o(.text) refers (Special) to use_no_semi.o(.text) for __I$use$semihosting
    sys_exit_hlt.o(.text) refers (Special) to indicate_semi.o(.text) for __semihosting_library_function
    rtexit.o(.ARM.Collect$$rtexit$$00000000) refers (Special) to rtexit2.o(.ARM.Collect$$rtexit$$00000004) for __rt_exit_exit
    rtexit.o(.ARM.Collect$$rtexit$$00000000) refers (Special) to rtexit2.o(.ARM.Collect$$rtexit$$00000003) for __rt_exit_ls
    rtexit.o(.ARM.Collect$$rtexit$$00000000) refers (Special) to rtexit2.o(.ARM.Collect$$rtexit$$00000002) for __rt_exit_prels_1
    rtexit.o(.ARM.exidx) refers (Special) to rtexit2.o(.ARM.Collect$$rtexit$$00000004) for __rt_exit_exit
    rtexit.o(.ARM.exidx) refers (Special) to rtexit2.o(.ARM.Collect$$rtexit$$00000003) for __rt_exit_ls
    rtexit.o(.ARM.exidx) refers (Special) to rtexit2.o(.ARM.Collect$$rtexit$$00000002) for __rt_exit_prels_1
    rtexit.o(.ARM.exidx) refers to rtexit.o(.ARM.Collect$$rtexit$$00000000) for .ARM.Collect$$rtexit$$00000000
    __raise.o(.text) refers to defsig.o(CL$$defsig) for __default_signal_handler
    defsig_general.o(.text) refers to sys_wrch.o(.text) for _ttywrch
    libshutdown2.o(.ARM.Collect$$libshutdown$$0000000D) refers (Weak) to term_alloc.o(.text) for _terminate_alloc
    sys_wrch.o(.text) refers (Special) to use_no_semi.o(.text) for __I$use$semihosting
    sys_wrch.o(.text) refers (Special) to indicate_semi.o(.text) for __semihosting_library_function
    sys_wrch_hlt.o(.text) refers (Special) to use_no_semi.o(.text) for __I$use$semihosting
    sys_wrch_hlt.o(.text) refers (Special) to indicate_semi.o(.text) for __semihosting_library_function
    rtexit2.o(.ARM.Collect$$rtexit$$00000003) refers to libshutdown.o(.ARM.Collect$$libshutdown$$00000000) for __rt_lib_shutdown
    rtexit2.o(.ARM.Collect$$rtexit$$00000004) refers to sys_exit.o(.text) for _sys_exit
    rtexit2.o(.ARM.exidx) refers to rtexit2.o(.ARM.Collect$$rtexit$$00000001) for .ARM.Collect$$rtexit$$00000001
    rtexit2.o(.ARM.exidx) refers to rtexit2.o(.ARM.Collect$$rtexit$$00000003) for .ARM.Collect$$rtexit$$00000003
    rtexit2.o(.ARM.exidx) refers to rtexit2.o(.ARM.Collect$$rtexit$$00000004) for .ARM.Collect$$rtexit$$00000004
    defsig.o(CL$$defsig) refers to defsig_rtmem_inner.o(.text) for __rt_SIGRTMEM_inner
    defsig_abrt_inner.o(.text) refers to defsig_general.o(.text) for __default_signal_display
    defsig_fpe_inner.o(.text) refers to defsig_general.o(.text) for __default_signal_display
    defsig_rtred_inner.o(.text) refers to defsig_general.o(.text) for __default_signal_display
    defsig_stak_inner.o(.text) refers to defsig_general.o(.text) for __default_signal_display
    defsig_pvfn_inner.o(.text) refers to defsig_general.o(.text) for __default_signal_display
    defsig_cppl_inner.o(.text) refers to defsig_general.o(.text) for __default_signal_display
    defsig_segv_inner.o(.text) refers to defsig_general.o(.text) for __default_signal_display
    defsig_other.o(.text) refers to defsig_general.o(.text) for __default_signal_display
    libshutdown.o(.ARM.Collect$$libshutdown$$00000000) refers (Special) to libshutdown2.o(.ARM.Collect$$libshutdown$$00000002) for __rt_lib_shutdown_cpp_1
    libshutdown.o(.ARM.Collect$$libshutdown$$00000000) refers (Special) to libshutdown2.o(.ARM.Collect$$libshutdown$$00000007) for __rt_lib_shutdown_fp_trap_1
    libshutdown.o(.ARM.Collect$$libshutdown$$00000000) refers (Special) to libshutdown2.o(.ARM.Collect$$libshutdown$$0000000F) for __rt_lib_shutdown_heap_1
    libshutdown.o(.ARM.Collect$$libshutdown$$00000000) refers (Special) to libshutdown2.o(.ARM.Collect$$libshutdown$$00000010) for __rt_lib_shutdown_return
    libshutdown.o(.ARM.Collect$$libshutdown$$00000000) refers (Special) to libshutdown2.o(.ARM.Collect$$libshutdown$$0000000A) for __rt_lib_shutdown_signal_1
    libshutdown.o(.ARM.Collect$$libshutdown$$00000000) refers (Special) to libshutdown2.o(.ARM.Collect$$libshutdown$$00000004) for __rt_lib_shutdown_stdio_1
    libshutdown.o(.ARM.Collect$$libshutdown$$00000000) refers (Special) to libshutdown2.o(.ARM.Collect$$libshutdown$$0000000C) for __rt_lib_shutdown_user_alloc_1


==============================================================================

Removing Unused input sections from the image.

    Removing main.o(.text), (0 bytes).
    Removing main.o(.ARM.exidx.text.main), (8 bytes).
    Removing main.o(.ARM.exidx.text.configSetup), (8 bytes).
    Removing main.o(.ARM.exidx.text.startMessage), (8 bytes).
    Removing main.o(.ARM.exidx.text.printTest), (8 bytes).
    Removing main.o(.ARM.exidx.text.loaded), (8 bytes).
    Removing main.o(.ARM.exidx.text.unloaded), (8 bytes).
    Removing main.o(.ARM.exidx.text.checkRelay), (8 bytes).
    Removing main.o(.ARM.exidx.text.relayErrorMessage), (8 bytes).
    Removing main.o(.ARM.exidx.text.checkDeviceSupply), (8 bytes).
    Removing main.o(.ARM.exidx.text.checkDevice), (8 bytes).
    Removing main.o(.ARM.exidx.text.errorMessage), (8 bytes).
    Removing main.o(.ARM.exidx.text.supplyErrorMessage), (8 bytes).
    Removing main.o(.ARM.exidx.text.successMessage), (8 bytes).
    Removing main.o(.ARM.exidx.text.__NVIC_EnableIRQ), (8 bytes).
    Removing main.o(.ARM.exidx.text.EXTI0_IRQHandler), (8 bytes).
    Removing main.o(.ARM.use_no_argv), (4 bytes).
    Removing gp_driver.o(.text), (0 bytes).
    Removing gp_driver.o(.ARM.exidx.text.gpio_init), (8 bytes).
    Removing gp_driver.o(.ARM.exidx.text.read_GP), (8 bytes).
    Removing gp_driver.o(.ARM.exidx.text.write_GP), (8 bytes).
    Removing gp_driver.o(.text.toggle_GP), (64 bytes).
    Removing gp_driver.o(.ARM.exidx.text.toggle_GP), (8 bytes).
    Removing systick_delay.o(.text), (0 bytes).
    Removing systick_delay.o(.ARM.exidx.text.systick_init), (8 bytes).
    Removing systick_delay.o(.ARM.exidx.text.createMili), (8 bytes).
    Removing systick_delay.o(.ARM.exidx.text.delayMS), (8 bytes).
    Removing systick_delay.o(.text.systick_interrup_start), (50 bytes).
    Removing systick_delay.o(.ARM.exidx.text.systick_interrup_start), (8 bytes).
    Removing 1602_i2c_driver.o(.text), (0 bytes).
    Removing 1602_i2c_driver.o(.ARM.exidx.text.displayWrite), (8 bytes).
    Removing 1602_i2c_driver.o(.ARM.exidx.text.displayInit), (8 bytes).
    Removing 1602_i2c_driver.o(.ARM.exidx.text.displayMessage), (8 bytes).
    Removing 1602_i2c_driver.o(.ARM.exidx.text.displayClear), (8 bytes).
    Removing 1602_i2c_driver.o(.ARM.exidx.text.displayOnOff), (8 bytes).
    Removing 1602_i2c_driver.o(.ARM.exidx.text.displayNewLine), (8 bytes).
    Removing 1602_i2c_driver.o(.text.displayShiftCursor), (50 bytes).
    Removing 1602_i2c_driver.o(.ARM.exidx.text.displayShiftCursor), (8 bytes).
    Removing i2c_driver.o(.text), (0 bytes).
    Removing i2c_driver.o(.ARM.exidx.text.i2c_init), (8 bytes).
    Removing i2c_driver.o(.ARM.exidx.text.i2c_start), (8 bytes).
    Removing i2c_driver.o(.ARM.exidx.text.i2c_address), (8 bytes).
    Removing i2c_driver.o(.ARM.exidx.text.i2c_data), (8 bytes).
    Removing i2c_driver.o(.ARM.exidx.text.i2c_stop), (8 bytes).
    Removing i2c_driver.o(.ARM.exidx.text.i2c_write), (8 bytes).
    Removing i2c_driver.o(.text.i2c_read), (200 bytes).
    Removing i2c_driver.o(.ARM.exidx.text.i2c_read), (8 bytes).
    Removing help_func.o(.text), (0 bytes).
    Removing help_func.o(.text.str_len), (34 bytes).
    Removing help_func.o(.ARM.exidx.text.str_len), (8 bytes).
    Removing help_func.o(.text.str_find), (144 bytes).
    Removing help_func.o(.ARM.exidx.text.str_find), (8 bytes).
    Removing help_func.o(.text.str_exact), (70 bytes).
    Removing help_func.o(.ARM.exidx.text.str_exact), (8 bytes).
    Removing help_func.o(.text.str_merge), (70 bytes).
    Removing help_func.o(.ARM.exidx.text.str_merge), (8 bytes).
    Removing help_func.o(.ARM.exidx.text.int2char), (8 bytes).
    Removing help_func.o(.text.char2int), (76 bytes).
    Removing help_func.o(.ARM.exidx.text.char2int), (8 bytes).
    Removing help_func.o(.text.str_empty), (40 bytes).
    Removing help_func.o(.ARM.exidx.text.str_empty), (8 bytes).
    Removing system_stm32f10x.o(.text), (0 bytes).
    Removing system_stm32f10x.o(.ARM.exidx.text.SystemInit), (8 bytes).
    Removing system_stm32f10x.o(.ARM.exidx.text.SetSysClock), (8 bytes).
    Removing system_stm32f10x.o(.text.SystemCoreClockUpdate), (290 bytes).
    Removing system_stm32f10x.o(.ARM.exidx.text.SystemCoreClockUpdate), (8 bytes).
    Removing system_stm32f10x.o(.ARM.exidx.text.SetSysClockTo72), (8 bytes).
    Removing system_stm32f10x.o(.data.SystemCoreClock), (4 bytes).
    Removing system_stm32f10x.o(.rodata.AHBPrescTable), (16 bytes).

69 unused section(s) (total 1496 bytes) removed from the image.

==============================================================================

Image Symbol Table

    Local Symbols

    Symbol Name                              Value     Ov Type        Size  Object(Section)

    ../clib/angel/boardlib.s                 0x00000000   Number         0  boardinit1.o ABSOLUTE
    ../clib/angel/boardlib.s                 0x00000000   Number         0  boardinit2.o ABSOLUTE
    ../clib/angel/boardlib.s                 0x00000000   Number         0  boardinit3.o ABSOLUTE
    ../clib/angel/boardlib.s                 0x00000000   Number         0  boardshut.o ABSOLUTE
    ../clib/angel/handlers.s                 0x00000000   Number         0  __scatter_zi.o ABSOLUTE
    ../clib/angel/kernel.s                   0x00000000   Number         0  __rtentry.o ABSOLUTE
    ../clib/angel/kernel.s                   0x00000000   Number         0  __rtentry2.o ABSOLUTE
    ../clib/angel/kernel.s                   0x00000000   Number         0  __rtentry4.o ABSOLUTE
    ../clib/angel/kernel.s                   0x00000000   Number         0  rtexit.o ABSOLUTE
    ../clib/angel/kernel.s                   0x00000000   Number         0  rtexit2.o ABSOLUTE
    ../clib/angel/rt.s                       0x00000000   Number         0  rt_heap_descriptor.o ABSOLUTE
    ../clib/angel/rt.s                       0x00000000   Number         0  rt_heap_descriptor_intlibspace.o ABSOLUTE
    ../clib/angel/rt.s                       0x00000000   Number         0  rt_raise.o ABSOLUTE
    ../clib/angel/scatter.s                  0x00000000   Number         0  __scatter.o ABSOLUTE
    ../clib/angel/startup.s                  0x00000000   Number         0  __main.o ABSOLUTE
    ../clib/angel/sys.s                      0x00000000   Number         0  mutex_dummy.o ABSOLUTE
    ../clib/angel/sys.s                      0x00000000   Number         0  libspace.o ABSOLUTE
    ../clib/angel/sys.s                      0x00000000   Number         0  use_no_semi.o ABSOLUTE
    ../clib/angel/sys.s                      0x00000000   Number         0  indicate_semi.o ABSOLUTE
    ../clib/angel/sys.s                      0x00000000   Number         0  sys_stackheap_outer.o ABSOLUTE
    ../clib/angel/sysapp.c                   0x00000000   Number         0  sys_command.o ABSOLUTE
    ../clib/angel/sysapp.c                   0x00000000   Number         0  sys_command_hlt.o ABSOLUTE
    ../clib/angel/sysapp.c                   0x00000000   Number         0  sys_exit.o ABSOLUTE
    ../clib/angel/sysapp.c                   0x00000000   Number         0  sys_exit_hlt.o ABSOLUTE
    ../clib/angel/sysapp.c                   0x00000000   Number         0  sys_wrch.o ABSOLUTE
    ../clib/angel/sysapp.c                   0x00000000   Number         0  sys_wrch_hlt.o ABSOLUTE
    ../clib/armsys.c                         0x00000000   Number         0  _get_argv.o ABSOLUTE
    ../clib/armsys.c                         0x00000000   Number         0  argv_veneer.o ABSOLUTE
    ../clib/armsys.c                         0x00000000   Number         0  argv_veneer.o ABSOLUTE
    ../clib/armsys.c                         0x00000000   Number         0  _get_argv_nomalloc.o ABSOLUTE
    ../clib/armsys.c                         0x00000000   Number         0  no_argv.o ABSOLUTE
    ../clib/heap1.c                          0x00000000   Number         0  h1_alloc.o ABSOLUTE
    ../clib/heap1.c                          0x00000000   Number         0  h1_free.o ABSOLUTE
    ../clib/heap1.c                          0x00000000   Number         0  h1_alloc_threads.o ABSOLUTE
    ../clib/heap1.c                          0x00000000   Number         0  h1_free_threads.o ABSOLUTE
    ../clib/heap1.c                          0x00000000   Number         0  h1_init.o ABSOLUTE
    ../clib/heap1.c                          0x00000000   Number         0  h1_init_threads.o ABSOLUTE
    ../clib/heap1.c                          0x00000000   Number         0  h1_extend.o ABSOLUTE
    ../clib/heap1.c                          0x00000000   Number         0  h1_extend_threads.o ABSOLUTE
    ../clib/heap1.c                          0x00000000   Number         0  h1_final.o ABSOLUTE
    ../clib/heap1.c                          0x00000000   Number         0  h1_final_threads.o ABSOLUTE
    ../clib/heap2.c                          0x00000000   Number         0  heap2.o ABSOLUTE
    ../clib/heap2.c                          0x00000000   Number         0  heap2_threads.o ABSOLUTE
    ../clib/heap2.c                          0x00000000   Number         0  fdtree.o ABSOLUTE
    ../clib/heapalloc.c                      0x00000000   Number         0  malloc.o ABSOLUTE
    ../clib/heapalloc.c                      0x00000000   Number         0  free.o ABSOLUTE
    ../clib/heapalloc.c                      0x00000000   Number         0  hguard.o ABSOLUTE
    ../clib/heapalloc.c                      0x00000000   Number         0  init_alloc.o ABSOLUTE
    ../clib/heapalloc.c                      0x00000000   Number         0  heapstubs.o ABSOLUTE
    ../clib/heapalloc.c                      0x00000000   Number         0  hrguard.o ABSOLUTE
    ../clib/heapalloc.c                      0x00000000   Number         0  term_alloc.o ABSOLUTE
    ../clib/heapaux.c                        0x00000000   Number         0  heapauxi.o ABSOLUTE
    ../clib/heapaux.c                        0x00000000   Number         0  heapauxa.o ABSOLUTE
    ../clib/libinit.s                        0x00000000   Number         0  libinit2.o ABSOLUTE
    ../clib/libinit.s                        0x00000000   Number         0  libinit.o ABSOLUTE
    ../clib/libinit.s                        0x00000000   Number         0  libshutdown2.o ABSOLUTE
    ../clib/libinit.s                        0x00000000   Number         0  libshutdown.o ABSOLUTE
    ../clib/maybe.s                          0x00000000   Number         0  maybetermalloc1.o ABSOLUTE
    ../clib/maybe.s                          0x00000000   Number         0  maybetermalloc2.o ABSOLUTE
    ../clib/memcpset.s                       0x00000000   Number         0  rt_memcpy_w.o ABSOLUTE
    ../clib/signal.c                         0x00000000   Number         0  defsig_rtmem_outer.o ABSOLUTE
    ../clib/signal.c                         0x00000000   Number         0  defsig_rtmem_formal.o ABSOLUTE
    ../clib/signal.c                         0x00000000   Number         0  defsig_exit.o ABSOLUTE
    ../clib/signal.c                         0x00000000   Number         0  defsig_rtmem_inner.o ABSOLUTE
    ../clib/signal.c                         0x00000000   Number         0  __raise.o ABSOLUTE
    ../clib/signal.c                         0x00000000   Number         0  defsig_general.o ABSOLUTE
    ../clib/signal.c                         0x00000000   Number         0  defsig_abrt_inner.o ABSOLUTE
    ../clib/signal.c                         0x00000000   Number         0  defsig_fpe_inner.o ABSOLUTE
    ../clib/signal.c                         0x00000000   Number         0  defsig_rtred_inner.o ABSOLUTE
    ../clib/signal.c                         0x00000000   Number         0  defsig_stak_inner.o ABSOLUTE
    ../clib/signal.c                         0x00000000   Number         0  defsig_pvfn_inner.o ABSOLUTE
    ../clib/signal.c                         0x00000000   Number         0  defsig_cppl_inner.o ABSOLUTE
    ../clib/signal.c                         0x00000000   Number         0  defsig_segv_inner.o ABSOLUTE
    ../clib/signal.c                         0x00000000   Number         0  defsig_other.o ABSOLUTE
    ../clib/signal.s                         0x00000000   Number         0  defsig.o ABSOLUTE
    ../clib/stdlib.c                         0x00000000   Number         0  exit.o ABSOLUTE
    ../fplib/fpinit.s                        0x00000000   Number         0  fpinit.o ABSOLUTE
    ../fplib/fpinit_empty.s                  0x00000000   Number         0  fpinit_empty.o ABSOLUTE
    1602_i2c_driver.c                        0x00000000   Number         0  1602_i2c_driver.o ABSOLUTE
    RTE/Device/STM32F103C8/startup_stm32f10x_md.s 0x00000000   Number         0  startup_stm32f10x_md.o ABSOLUTE
    dc.s                                     0x00000000   Number         0  dc.o ABSOLUTE
    gp_driver.c                              0x00000000   Number         0  gp_driver.o ABSOLUTE
    help_func.c                              0x00000000   Number         0  help_func.o ABSOLUTE
    i2c_driver.c                             0x00000000   Number         0  i2c_driver.o ABSOLUTE
    main.c                                   0x00000000   Number         0  main.o ABSOLUTE
    system_stm32f10x.c                       0x00000000   Number         0  system_stm32f10x.o ABSOLUTE
    systick_delay.c                          0x00000000   Number         0  systick_delay.o ABSOLUTE
    RESET                                    0x08000000   Section      236  startup_stm32f10x_md.o(RESET)
    !!!main                                  0x080000ec   Section        8  __main.o(!!!main)
    !!!scatter                               0x080000f4   Section       52  __scatter.o(!!!scatter)
    !!handler_zi                             0x08000128   Section       28  __scatter_zi.o(!!handler_zi)
    .ARM.Collect$$libinit$$00000000          0x08000144   Section        2  libinit.o(.ARM.Collect$$libinit$$00000000)
    .ARM.Collect$$libinit$$00000002          0x08000146   Section        0  libinit2.o(.ARM.Collect$$libinit$$00000002)
    .ARM.Collect$$libinit$$00000004          0x08000146   Section        0  libinit2.o(.ARM.Collect$$libinit$$00000004)
    .ARM.Collect$$libinit$$00000006          0x08000146   Section        0  libinit2.o(.ARM.Collect$$libinit$$00000006)
    .ARM.Collect$$libinit$$00000007          0x08000146   Section        8  libinit2.o(.ARM.Collect$$libinit$$00000007)
    .ARM.Collect$$libinit$$0000000C          0x0800014e   Section        0  libinit2.o(.ARM.Collect$$libinit$$0000000C)
    .ARM.Collect$$libinit$$0000000E          0x0800014e   Section        0  libinit2.o(.ARM.Collect$$libinit$$0000000E)
    .ARM.Collect$$libinit$$00000010          0x0800014e   Section        0  libinit2.o(.ARM.Collect$$libinit$$00000010)
    .ARM.Collect$$libinit$$00000013          0x0800014e   Section        0  libinit2.o(.ARM.Collect$$libinit$$00000013)
    .ARM.Collect$$libinit$$00000015          0x0800014e   Section        0  libinit2.o(.ARM.Collect$$libinit$$00000015)
    .ARM.Collect$$libinit$$00000017          0x0800014e   Section        0  libinit2.o(.ARM.Collect$$libinit$$00000017)
    .ARM.Collect$$libinit$$00000019          0x0800014e   Section        0  libinit2.o(.ARM.Collect$$libinit$$00000019)
    .ARM.Collect$$libinit$$0000001B          0x0800014e   Section        0  libinit2.o(.ARM.Collect$$libinit$$0000001B)
    .ARM.Collect$$libinit$$0000001D          0x0800014e   Section        0  libinit2.o(.ARM.Collect$$libinit$$0000001D)
    .ARM.Collect$$libinit$$0000001F          0x0800014e   Section        0  libinit2.o(.ARM.Collect$$libinit$$0000001F)
    .ARM.Collect$$libinit$$00000021          0x0800014e   Section        0  libinit2.o(.ARM.Collect$$libinit$$00000021)
    .ARM.Collect$$libinit$$00000023          0x0800014e   Section        0  libinit2.o(.ARM.Collect$$libinit$$00000023)
    .ARM.Collect$$libinit$$00000025          0x0800014e   Section        0  libinit2.o(.ARM.Collect$$libinit$$00000025)
    .ARM.Collect$$libinit$$00000027          0x0800014e   Section        0  libinit2.o(.ARM.Collect$$libinit$$00000027)
    .ARM.Collect$$libinit$$0000002E          0x0800014e   Section        0  libinit2.o(.ARM.Collect$$libinit$$0000002E)
    .ARM.Collect$$libinit$$00000030          0x0800014e   Section        0  libinit2.o(.ARM.Collect$$libinit$$00000030)
    .ARM.Collect$$libinit$$00000032          0x0800014e   Section        0  libinit2.o(.ARM.Collect$$libinit$$00000032)
    .ARM.Collect$$libinit$$00000034          0x0800014e   Section        0  libinit2.o(.ARM.Collect$$libinit$$00000034)
    .ARM.Collect$$libinit$$00000035          0x0800014e   Section        2  libinit2.o(.ARM.Collect$$libinit$$00000035)
    .ARM.Collect$$libshutdown$$00000000      0x08000150   Section        2  libshutdown.o(.ARM.Collect$$libshutdown$$00000000)
    .ARM.Collect$$libshutdown$$00000002      0x08000152   Section        0  libshutdown2.o(.ARM.Collect$$libshutdown$$00000002)
    .ARM.Collect$$libshutdown$$00000004      0x08000152   Section        0  libshutdown2.o(.ARM.Collect$$libshutdown$$00000004)
    .ARM.Collect$$libshutdown$$00000007      0x08000152   Section        0  libshutdown2.o(.ARM.Collect$$libshutdown$$00000007)
    .ARM.Collect$$libshutdown$$0000000A      0x08000152   Section        0  libshutdown2.o(.ARM.Collect$$libshutdown$$0000000A)
    .ARM.Collect$$libshutdown$$0000000C      0x08000152   Section        0  libshutdown2.o(.ARM.Collect$$libshutdown$$0000000C)
    .ARM.Collect$$libshutdown$$0000000F      0x08000152   Section        0  libshutdown2.o(.ARM.Collect$$libshutdown$$0000000F)
    .ARM.Collect$$libshutdown$$00000010      0x08000152   Section        2  libshutdown2.o(.ARM.Collect$$libshutdown$$00000010)
    .ARM.Collect$$rtentry$$00000000          0x08000154   Section        0  __rtentry.o(.ARM.Collect$$rtentry$$00000000)
    .ARM.Collect$$rtentry$$00000002          0x08000154   Section        0  __rtentry2.o(.ARM.Collect$$rtentry$$00000002)
    .ARM.Collect$$rtentry$$00000004          0x08000154   Section        6  __rtentry4.o(.ARM.Collect$$rtentry$$00000004)
    .ARM.Collect$$rtentry$$00000009          0x0800015a   Section        0  __rtentry2.o(.ARM.Collect$$rtentry$$00000009)
    .ARM.Collect$$rtentry$$0000000A          0x0800015a   Section        4  __rtentry2.o(.ARM.Collect$$rtentry$$0000000A)
    .ARM.Collect$$rtentry$$0000000C          0x0800015e   Section        0  __rtentry2.o(.ARM.Collect$$rtentry$$0000000C)
    .ARM.Collect$$rtentry$$0000000D          0x0800015e   Section        8  __rtentry2.o(.ARM.Collect$$rtentry$$0000000D)
    .ARM.Collect$$rtexit$$00000000           0x08000166   Section        2  rtexit.o(.ARM.Collect$$rtexit$$00000000)
    .ARM.Collect$$rtexit$$00000002           0x08000168   Section        0  rtexit2.o(.ARM.Collect$$rtexit$$00000002)
    .ARM.Collect$$rtexit$$00000003           0x08000168   Section        4  rtexit2.o(.ARM.Collect$$rtexit$$00000003)
    .ARM.Collect$$rtexit$$00000004           0x0800016c   Section        6  rtexit2.o(.ARM.Collect$$rtexit$$00000004)
    .text                                    0x08000174   Section       64  startup_stm32f10x_md.o(.text)
    .text                                    0x080001b4   Section        0  h1_alloc.o(.text)
    .text                                    0x08000212   Section        0  h1_free.o(.text)
    .text                                    0x08000260   Section        0  heapauxi.o(.text)
    .text                                    0x08000268   Section        8  rt_heap_descriptor_intlibspace.o(.text)
    .text                                    0x08000270   Section        0  hguard.o(.text)
    .text                                    0x08000274   Section        0  init_alloc.o(.text)
    .text                                    0x080002fe   Section        0  h1_init.o(.text)
    .text                                    0x0800030c   Section        8  libspace.o(.text)
    .text                                    0x08000314   Section        0  maybetermalloc1.o(.text)
    .text                                    0x08000314   Section        0  h1_extend.o(.text)
    .text                                    0x08000348   Section        0  defsig_rtmem_outer.o(.text)
    .text                                    0x08000356   Section        2  use_no_semi.o(.text)
    .text                                    0x08000358   Section        0  indicate_semi.o(.text)
    .text                                    0x08000358   Section       74  sys_stackheap_outer.o(.text)
    .text                                    0x080003a2   Section        0  exit.o(.text)
    .text                                    0x080003b4   Section        0  defsig_exit.o(.text)
    .text                                    0x080003c0   Section        0  defsig_rtmem_inner.o(.text)
    .text                                    0x08000410   Section        0  sys_exit.o(.text)
    .text                                    0x0800041c   Section        0  defsig_general.o(.text)
    .text                                    0x0800044e   Section        0  sys_wrch.o(.text)
    [Anonymous Symbol]                       0x0800045c   Section        0  main.o(.text.EXTI0_IRQHandler)
    SetSysClock                              0x0800047d   Thumb Code     8  system_stm32f10x.o(.text.SetSysClock)
    [Anonymous Symbol]                       0x0800047c   Section        0  system_stm32f10x.o(.text.SetSysClock)
    SetSysClockTo72                          0x08000485   Thumb Code   290  system_stm32f10x.o(.text.SetSysClockTo72)
    [Anonymous Symbol]                       0x08000484   Section        0  system_stm32f10x.o(.text.SetSysClockTo72)
    [Anonymous Symbol]                       0x080005a8   Section        0  system_stm32f10x.o(.text.SystemInit)
    __NVIC_EnableIRQ                         0x08000611   Thumb Code    48  main.o(.text.__NVIC_EnableIRQ)
    [Anonymous Symbol]                       0x08000610   Section        0  main.o(.text.__NVIC_EnableIRQ)
    [Anonymous Symbol]                       0x08000640   Section        0  main.o(.text.checkDevice)
    [Anonymous Symbol]                       0x08000684   Section        0  main.o(.text.checkDeviceSupply)
    [Anonymous Symbol]                       0x080006a8   Section        0  main.o(.text.checkRelay)
    [Anonymous Symbol]                       0x080006cc   Section        0  main.o(.text.configSetup)
    [Anonymous Symbol]                       0x080007ac   Section        0  systick_delay.o(.text.createMili)
    [Anonymous Symbol]                       0x080007e4   Section        0  systick_delay.o(.text.delayMS)
    [Anonymous Symbol]                       0x08000804   Section        0  1602_i2c_driver.o(.text.displayClear)
    [Anonymous Symbol]                       0x08000818   Section        0  1602_i2c_driver.o(.text.displayInit)
    [Anonymous Symbol]                       0x08000990   Section        0  1602_i2c_driver.o(.text.displayMessage)
    [Anonymous Symbol]                       0x080009c0   Section        0  1602_i2c_driver.o(.text.displayNewLine)
    [Anonymous Symbol]                       0x080009d4   Section        0  1602_i2c_driver.o(.text.displayOnOff)
    [Anonymous Symbol]                       0x08000b3c   Section        0  1602_i2c_driver.o(.text.displayWrite)
    [Anonymous Symbol]                       0x08000c90   Section        0  main.o(.text.errorMessage)
    [Anonymous Symbol]                       0x08000cc0   Section        0  gp_driver.o(.text.gpio_init)
    [Anonymous Symbol]                       0x08000dbc   Section        0  i2c_driver.o(.text.i2c_address)
    [Anonymous Symbol]                       0x08000ec4   Section        0  i2c_driver.o(.text.i2c_data)
    [Anonymous Symbol]                       0x08000f60   Section        0  i2c_driver.o(.text.i2c_init)
    [Anonymous Symbol]                       0x08001080   Section        0  i2c_driver.o(.text.i2c_start)
    [Anonymous Symbol]                       0x080010ec   Section        0  i2c_driver.o(.text.i2c_stop)
    [Anonymous Symbol]                       0x08001160   Section        0  i2c_driver.o(.text.i2c_write)
    [Anonymous Symbol]                       0x080011a0   Section        0  help_func.o(.text.int2char)
    [Anonymous Symbol]                       0x0800123c   Section        0  main.o(.text.loaded)
    [Anonymous Symbol]                       0x08001258   Section        0  main.o(.text.main)
    [Anonymous Symbol]                       0x08001348   Section        0  main.o(.text.printTest)
    [Anonymous Symbol]                       0x08001368   Section        0  gp_driver.o(.text.read_GP)
    [Anonymous Symbol]                       0x080013e8   Section        0  main.o(.text.relayErrorMessage)
    [Anonymous Symbol]                       0x08001418   Section        0  main.o(.text.startMessage)
    [Anonymous Symbol]                       0x08001470   Section        0  main.o(.text.successMessage)
    [Anonymous Symbol]                       0x080014a0   Section        0  main.o(.text.supplyErrorMessage)
    [Anonymous Symbol]                       0x080014d0   Section        0  systick_delay.o(.text.systick_init)
    [Anonymous Symbol]                       0x080014fc   Section        0  main.o(.text.unloaded)
    [Anonymous Symbol]                       0x08001520   Section        0  gp_driver.o(.text.write_GP)
    .L.str.7                                 0x080015c0   Data           4  main.o(.rodata.str1.1)
    [Anonymous Symbol]                       0x080015c0   Section        0  main.o(.rodata.str1.1)
    .L.str.6                                 0x080015c4   Data           4  main.o(.rodata.str1.1)
    .L.str.4                                 0x080015c8   Data           7  main.o(.rodata.str1.1)
    .L.str.9                                 0x080015cf   Data          18  main.o(.rodata.str1.1)
    .L.str.3                                 0x080015e1   Data          11  main.o(.rodata.str1.1)
    .L.str                                   0x080015ec   Data          15  main.o(.rodata.str1.1)
    .L.str.2                                 0x080015fb   Data          14  main.o(.rodata.str1.1)
    .L.str.1                                 0x08001609   Data           7  main.o(.rodata.str1.1)
    .L.str.8                                 0x08001610   Data           3  main.o(.rodata.str1.1)
    .L.str.5                                 0x08001613   Data          17  main.o(.rodata.str1.1)
    .L.str                                   0x08001624   Data          13  1602_i2c_driver.o(.rodata.str1.1)
    [Anonymous Symbol]                       0x08001624   Section        0  1602_i2c_driver.o(.rodata.str1.1)
    .bss                                     0x20000000   Section       96  libspace.o(.bss)
    quitSignal                               0x20000060   Data           4  main.o(.bss.quitSignal)
    [Anonymous Symbol]                       0x20000060   Section        0  main.o(.bss.quitSignal)
    Heap_Mem                                 0x20000068   Data         512  startup_stm32f10x_md.o(HEAP)
    HEAP                                     0x20000068   Section      512  startup_stm32f10x_md.o(HEAP)
    Stack_Mem                                0x20000268   Data        1024  startup_stm32f10x_md.o(STACK)
    STACK                                    0x20000268   Section     1024  startup_stm32f10x_md.o(STACK)
    __initial_sp                             0x20000668   Data           0  startup_stm32f10x_md.o(STACK)

    Global Symbols

    Symbol Name                              Value     Ov Type        Size  Object(Section)

    BuildAttributes$$THM_ISAv4$P$D$K$B$S$PE$A:L22UL41UL21$X:L11$S22US41US21$IEEE1$IW$~IW$USESV6$~STKCKD$USESV7$~SHL$OTIME$ROPI$EBA8$UX$STANDARDLIB$REQ8$PRES8$EABIv2 0x00000000   Number         0  anon$$obj.o ABSOLUTE
    __fp_init_empty                          0x00000000   Number         0  fpinit_empty.o ABSOLUTE
    __ARM_exceptions_init                     - Undefined Weak Reference
    __alloca_initialize                       - Undefined Weak Reference
    __arm_preinit_                            - Undefined Weak Reference
    __arm_relocate_pie_                       - Undefined Weak Reference
    __cpp_initialize__aeabi_                  - Undefined Weak Reference
    __cxa_finalize                            - Undefined Weak Reference
    __rt_locale                               - Undefined Weak Reference
    __sigvec_lookup                           - Undefined Weak Reference
    __user_heap_extent                        - Undefined Weak Reference
    _atexit_init                              - Undefined Weak Reference
    _call_atexit_fns                          - Undefined Weak Reference
    _clock_init                               - Undefined Weak Reference
    _fp_trap_init                             - Undefined Weak Reference
    _fp_trap_shutdown                         - Undefined Weak Reference
    _get_lc_collate                           - Undefined Weak Reference
    _get_lc_ctype                             - Undefined Weak Reference
    _get_lc_monetary                          - Undefined Weak Reference
    _get_lc_numeric                           - Undefined Weak Reference
    _get_lc_time                              - Undefined Weak Reference
    _getenv_init                              - Undefined Weak Reference
    _handle_redirection                       - Undefined Weak Reference
    _initio                                   - Undefined Weak Reference
    _mutex_acquire                            - Undefined Weak Reference
    _mutex_free                               - Undefined Weak Reference
    _mutex_release                            - Undefined Weak Reference
    _rand_init                                - Undefined Weak Reference
    _signal_finish                            - Undefined Weak Reference
    _signal_init                              - Undefined Weak Reference
    _terminateio                              - Undefined Weak Reference
    __Vectors_Size                           0x000000ec   Number         0  startup_stm32f10x_md.o ABSOLUTE
    __Vectors                                0x08000000   Data           4  startup_stm32f10x_md.o(RESET)
    __Vectors_End                            0x080000ec   Data           0  startup_stm32f10x_md.o(RESET)
    __main                                   0x080000ed   Thumb Code     8  __main.o(!!!main)
    __scatterload                            0x080000f5   Thumb Code     0  __scatter.o(!!!scatter)
    __scatterload_rt2                        0x080000f5   Thumb Code    44  __scatter.o(!!!scatter)
    __scatterload_rt2_thumb_only             0x080000f5   Thumb Code     0  __scatter.o(!!!scatter)
    __scatterload_null                       0x08000103   Thumb Code     0  __scatter.o(!!!scatter)
    __scatterload_zeroinit                   0x08000129   Thumb Code    28  __scatter_zi.o(!!handler_zi)
    __rt_lib_init                            0x08000145   Thumb Code     0  libinit.o(.ARM.Collect$$libinit$$00000000)
    __rt_lib_init_fp_1                       0x08000147   Thumb Code     0  libinit2.o(.ARM.Collect$$libinit$$00000002)
    __rt_lib_init_heap_2                     0x08000147   Thumb Code     0  libinit2.o(.ARM.Collect$$libinit$$00000007)
    __rt_lib_init_preinit_1                  0x08000147   Thumb Code     0  libinit2.o(.ARM.Collect$$libinit$$00000006)
    __rt_lib_init_relocate_pie_1             0x08000147   Thumb Code     0  libinit2.o(.ARM.Collect$$libinit$$00000004)
    __rt_lib_init_alloca_1                   0x0800014f   Thumb Code     0  libinit2.o(.ARM.Collect$$libinit$$00000030)
    __rt_lib_init_argv_1                     0x0800014f   Thumb Code     0  libinit2.o(.ARM.Collect$$libinit$$0000002E)
    __rt_lib_init_atexit_1                   0x0800014f   Thumb Code     0  libinit2.o(.ARM.Collect$$libinit$$0000001D)
    __rt_lib_init_clock_1                    0x0800014f   Thumb Code     0  libinit2.o(.ARM.Collect$$libinit$$00000023)
    __rt_lib_init_cpp_1                      0x0800014f   Thumb Code     0  libinit2.o(.ARM.Collect$$libinit$$00000034)
    __rt_lib_init_exceptions_1               0x0800014f   Thumb Code     0  libinit2.o(.ARM.Collect$$libinit$$00000032)
    __rt_lib_init_fp_trap_1                  0x0800014f   Thumb Code     0  libinit2.o(.ARM.Collect$$libinit$$00000021)
    __rt_lib_init_getenv_1                   0x0800014f   Thumb Code     0  libinit2.o(.ARM.Collect$$libinit$$00000025)
    __rt_lib_init_heap_1                     0x0800014f   Thumb Code     0  libinit2.o(.ARM.Collect$$libinit$$0000000C)
    __rt_lib_init_lc_collate_1               0x0800014f   Thumb Code     0  libinit2.o(.ARM.Collect$$libinit$$00000013)
    __rt_lib_init_lc_ctype_1                 0x0800014f   Thumb Code     0  libinit2.o(.ARM.Collect$$libinit$$00000015)
    __rt_lib_init_lc_monetary_1              0x0800014f   Thumb Code     0  libinit2.o(.ARM.Collect$$libinit$$00000017)
    __rt_lib_init_lc_numeric_1               0x0800014f   Thumb Code     0  libinit2.o(.ARM.Collect$$libinit$$00000019)
    __rt_lib_init_lc_time_1                  0x0800014f   Thumb Code     0  libinit2.o(.ARM.Collect$$libinit$$0000001B)
    __rt_lib_init_rand_1                     0x0800014f   Thumb Code     0  libinit2.o(.ARM.Collect$$libinit$$00000010)
    __rt_lib_init_return                     0x0800014f   Thumb Code     0  libinit2.o(.ARM.Collect$$libinit$$00000035)
    __rt_lib_init_signal_1                   0x0800014f   Thumb Code     0  libinit2.o(.ARM.Collect$$libinit$$0000001F)
    __rt_lib_init_stdio_1                    0x0800014f   Thumb Code     0  libinit2.o(.ARM.Collect$$libinit$$00000027)
    __rt_lib_init_user_alloc_1               0x0800014f   Thumb Code     0  libinit2.o(.ARM.Collect$$libinit$$0000000E)
    __rt_lib_shutdown                        0x08000151   Thumb Code     0  libshutdown.o(.ARM.Collect$$libshutdown$$00000000)
    __rt_lib_shutdown_cpp_1                  0x08000153   Thumb Code     0  libshutdown2.o(.ARM.Collect$$libshutdown$$00000002)
    __rt_lib_shutdown_fp_trap_1              0x08000153   Thumb Code     0  libshutdown2.o(.ARM.Collect$$libshutdown$$00000007)
    __rt_lib_shutdown_heap_1                 0x08000153   Thumb Code     0  libshutdown2.o(.ARM.Collect$$libshutdown$$0000000F)
    __rt_lib_shutdown_return                 0x08000153   Thumb Code     0  libshutdown2.o(.ARM.Collect$$libshutdown$$00000010)
    __rt_lib_shutdown_signal_1               0x08000153   Thumb Code     0  libshutdown2.o(.ARM.Collect$$libshutdown$$0000000A)
    __rt_lib_shutdown_stdio_1                0x08000153   Thumb Code     0  libshutdown2.o(.ARM.Collect$$libshutdown$$00000004)
    __rt_lib_shutdown_user_alloc_1           0x08000153   Thumb Code     0  libshutdown2.o(.ARM.Collect$$libshutdown$$0000000C)
    __rt_entry                               0x08000155   Thumb Code     0  __rtentry.o(.ARM.Collect$$rtentry$$00000000)
    __rt_entry_presh_1                       0x08000155   Thumb Code     0  __rtentry2.o(.ARM.Collect$$rtentry$$00000002)
    __rt_entry_sh                            0x08000155   Thumb Code     0  __rtentry4.o(.ARM.Collect$$rtentry$$00000004)
    __rt_entry_li                            0x0800015b   Thumb Code     0  __rtentry2.o(.ARM.Collect$$rtentry$$0000000A)
    __rt_entry_postsh_1                      0x0800015b   Thumb Code     0  __rtentry2.o(.ARM.Collect$$rtentry$$00000009)
    __rt_entry_main                          0x0800015f   Thumb Code     0  __rtentry2.o(.ARM.Collect$$rtentry$$0000000D)
    __rt_entry_postli_1                      0x0800015f   Thumb Code     0  __rtentry2.o(.ARM.Collect$$rtentry$$0000000C)
    __rt_exit                                0x08000167   Thumb Code     0  rtexit.o(.ARM.Collect$$rtexit$$00000000)
    __rt_exit_ls                             0x08000169   Thumb Code     0  rtexit2.o(.ARM.Collect$$rtexit$$00000003)
    __rt_exit_prels_1                        0x08000169   Thumb Code     0  rtexit2.o(.ARM.Collect$$rtexit$$00000002)
    __rt_exit_exit                           0x0800016d   Thumb Code     0  rtexit2.o(.ARM.Collect$$rtexit$$00000004)
    Reset_Handler                            0x08000175   Thumb Code     8  startup_stm32f10x_md.o(.text)
    NMI_Handler                              0x0800017d   Thumb Code     2  startup_stm32f10x_md.o(.text)
    HardFault_Handler                        0x0800017f   Thumb Code     2  startup_stm32f10x_md.o(.text)
    MemManage_Handler                        0x08000181   Thumb Code     2  startup_stm32f10x_md.o(.text)
    BusFault_Handler                         0x08000183   Thumb Code     2  startup_stm32f10x_md.o(.text)
    UsageFault_Handler                       0x08000185   Thumb Code     2  startup_stm32f10x_md.o(.text)
    SVC_Handler                              0x08000187   Thumb Code     2  startup_stm32f10x_md.o(.text)
    DebugMon_Handler                         0x08000189   Thumb Code     2  startup_stm32f10x_md.o(.text)
    PendSV_Handler                           0x0800018b   Thumb Code     2  startup_stm32f10x_md.o(.text)
    SysTick_Handler                          0x0800018d   Thumb Code     2  startup_stm32f10x_md.o(.text)
    ADC1_2_IRQHandler                        0x0800018f   Thumb Code     0  startup_stm32f10x_md.o(.text)
    CAN1_RX1_IRQHandler                      0x0800018f   Thumb Code     0  startup_stm32f10x_md.o(.text)
    CAN1_SCE_IRQHandler                      0x0800018f   Thumb Code     0  startup_stm32f10x_md.o(.text)
    DMA1_Channel1_IRQHandler                 0x0800018f   Thumb Code     0  startup_stm32f10x_md.o(.text)
    DMA1_Channel2_IRQHandler                 0x0800018f   Thumb Code     0  startup_stm32f10x_md.o(.text)
    DMA1_Channel3_IRQHandler                 0x0800018f   Thumb Code     0  startup_stm32f10x_md.o(.text)
    DMA1_Channel4_IRQHandler                 0x0800018f   Thumb Code     0  startup_stm32f10x_md.o(.text)
    DMA1_Channel5_IRQHandler                 0x0800018f   Thumb Code     0  startup_stm32f10x_md.o(.text)
    DMA1_Channel6_IRQHandler                 0x0800018f   Thumb Code     0  startup_stm32f10x_md.o(.text)
    DMA1_Channel7_IRQHandler                 0x0800018f   Thumb Code     0  startup_stm32f10x_md.o(.text)
    EXTI15_10_IRQHandler                     0x0800018f   Thumb Code     0  startup_stm32f10x_md.o(.text)
    EXTI1_IRQHandler                         0x0800018f   Thumb Code     0  startup_stm32f10x_md.o(.text)
    EXTI2_IRQHandler                         0x0800018f   Thumb Code     0  startup_stm32f10x_md.o(.text)
    EXTI3_IRQHandler                         0x0800018f   Thumb Code     0  startup_stm32f10x_md.o(.text)
    EXTI4_IRQHandler                         0x0800018f   Thumb Code     0  startup_stm32f10x_md.o(.text)
    EXTI9_5_IRQHandler                       0x0800018f   Thumb Code     0  startup_stm32f10x_md.o(.text)
    FLASH_IRQHandler                         0x0800018f   Thumb Code     0  startup_stm32f10x_md.o(.text)
    I2C1_ER_IRQHandler                       0x0800018f   Thumb Code     0  startup_stm32f10x_md.o(.text)
    I2C1_EV_IRQHandler                       0x0800018f   Thumb Code     0  startup_stm32f10x_md.o(.text)
    I2C2_ER_IRQHandler                       0x0800018f   Thumb Code     0  startup_stm32f10x_md.o(.text)
    I2C2_EV_IRQHandler                       0x0800018f   Thumb Code     0  startup_stm32f10x_md.o(.text)
    PVD_IRQHandler                           0x0800018f   Thumb Code     0  startup_stm32f10x_md.o(.text)
    RCC_IRQHandler                           0x0800018f   Thumb Code     0  startup_stm32f10x_md.o(.text)
    RTCAlarm_IRQHandler                      0x0800018f   Thumb Code     0  startup_stm32f10x_md.o(.text)
    RTC_IRQHandler                           0x0800018f   Thumb Code     0  startup_stm32f10x_md.o(.text)
    SPI1_IRQHandler                          0x0800018f   Thumb Code     0  startup_stm32f10x_md.o(.text)
    SPI2_IRQHandler                          0x0800018f   Thumb Code     0  startup_stm32f10x_md.o(.text)
    TAMPER_IRQHandler                        0x0800018f   Thumb Code     0  startup_stm32f10x_md.o(.text)
    TIM1_BRK_IRQHandler                      0x0800018f   Thumb Code     0  startup_stm32f10x_md.o(.text)
    TIM1_CC_IRQHandler                       0x0800018f   Thumb Code     0  startup_stm32f10x_md.o(.text)
    TIM1_TRG_COM_IRQHandler                  0x0800018f   Thumb Code     0  startup_stm32f10x_md.o(.text)
    TIM1_UP_IRQHandler                       0x0800018f   Thumb Code     0  startup_stm32f10x_md.o(.text)
    TIM2_IRQHandler                          0x0800018f   Thumb Code     0  startup_stm32f10x_md.o(.text)
    TIM3_IRQHandler                          0x0800018f   Thumb Code     0  startup_stm32f10x_md.o(.text)
    TIM4_IRQHandler                          0x0800018f   Thumb Code     0  startup_stm32f10x_md.o(.text)
    USART1_IRQHandler                        0x0800018f   Thumb Code     0  startup_stm32f10x_md.o(.text)
    USART2_IRQHandler                        0x0800018f   Thumb Code     0  startup_stm32f10x_md.o(.text)
    USART3_IRQHandler                        0x0800018f   Thumb Code     0  startup_stm32f10x_md.o(.text)
    USBWakeUp_IRQHandler                     0x0800018f   Thumb Code     0  startup_stm32f10x_md.o(.text)
    USB_HP_CAN1_TX_IRQHandler                0x0800018f   Thumb Code     0  startup_stm32f10x_md.o(.text)
    USB_LP_CAN1_RX0_IRQHandler               0x0800018f   Thumb Code     0  startup_stm32f10x_md.o(.text)
    WWDG_IRQHandler                          0x0800018f   Thumb Code     0  startup_stm32f10x_md.o(.text)
    __user_initial_stackheap                 0x08000191   Thumb Code     0  startup_stm32f10x_md.o(.text)
    malloc                                   0x080001b5   Thumb Code    94  h1_alloc.o(.text)
    free                                     0x08000213   Thumb Code    78  h1_free.o(.text)
    __use_two_region_memory                  0x08000261   Thumb Code     2  heapauxi.o(.text)
    __rt_heap_escrow                         0x08000263   Thumb Code     2  heapauxi.o(.text)
    __rt_heap_expand                         0x08000265   Thumb Code     2  heapauxi.o(.text)
    __rt_heap_descriptor                     0x08000269   Thumb Code     8  rt_heap_descriptor_intlibspace.o(.text)
    __use_no_heap                            0x08000271   Thumb Code     2  hguard.o(.text)
    __heap$guard                             0x08000273   Thumb Code     2  hguard.o(.text)
    _terminate_user_alloc                    0x08000275   Thumb Code     2  init_alloc.o(.text)
    _init_user_alloc                         0x08000277   Thumb Code     2  init_alloc.o(.text)
    __Heap_Full                              0x08000279   Thumb Code    34  init_alloc.o(.text)
    __Heap_Broken                            0x0800029b   Thumb Code     6  init_alloc.o(.text)
    _init_alloc                              0x080002a1   Thumb Code    94  init_alloc.o(.text)
    __Heap_Initialize                        0x080002ff   Thumb Code    10  h1_init.o(.text)
    __Heap_DescSize                          0x08000309   Thumb Code     4  h1_init.o(.text)
    __user_libspace                          0x0800030d   Thumb Code     8  libspace.o(.text)
    __user_perproc_libspace                  0x0800030d   Thumb Code     0  libspace.o(.text)
    __user_perthread_libspace                0x0800030d   Thumb Code     0  libspace.o(.text)
    __Heap_ProvideMemory                     0x08000315   Thumb Code    52  h1_extend.o(.text)
    _maybe_terminate_alloc                   0x08000315   Thumb Code     0  maybetermalloc1.o(.text)
    __rt_SIGRTMEM                            0x08000349   Thumb Code    14  defsig_rtmem_outer.o(.text)
    __I$use$semihosting                      0x08000357   Thumb Code     0  use_no_semi.o(.text)
    __use_no_semihosting_swi                 0x08000357   Thumb Code     2  use_no_semi.o(.text)
    __semihosting_library_function           0x08000359   Thumb Code     0  indicate_semi.o(.text)
    __user_setup_stackheap                   0x08000359   Thumb Code    74  sys_stackheap_outer.o(.text)
    exit                                     0x080003a3   Thumb Code    18  exit.o(.text)
    __sig_exit                               0x080003b5   Thumb Code    10  defsig_exit.o(.text)
    __rt_SIGRTMEM_inner                      0x080003c1   Thumb Code    22  defsig_rtmem_inner.o(.text)
    _sys_exit                                0x08000411   Thumb Code     8  sys_exit.o(.text)
    __default_signal_display                 0x0800041d   Thumb Code    50  defsig_general.o(.text)
    _ttywrch                                 0x0800044f   Thumb Code    14  sys_wrch.o(.text)
    EXTI0_IRQHandler                         0x0800045d   Thumb Code    30  main.o(.text.EXTI0_IRQHandler)
    SystemInit                               0x080005a9   Thumb Code   102  system_stm32f10x.o(.text.SystemInit)
    checkDevice                              0x08000641   Thumb Code    66  main.o(.text.checkDevice)
    checkDeviceSupply                        0x08000685   Thumb Code    34  main.o(.text.checkDeviceSupply)
    checkRelay                               0x080006a9   Thumb Code    34  main.o(.text.checkRelay)
    configSetup                              0x080006cd   Thumb Code   222  main.o(.text.configSetup)
    createMili                               0x080007ad   Thumb Code    54  systick_delay.o(.text.createMili)
    delayMS                                  0x080007e5   Thumb Code    32  systick_delay.o(.text.delayMS)
    displayClear                             0x08000805   Thumb Code    18  1602_i2c_driver.o(.text.displayClear)
    displayInit                              0x08000819   Thumb Code   374  1602_i2c_driver.o(.text.displayInit)
    displayMessage                           0x08000991   Thumb Code    46  1602_i2c_driver.o(.text.displayMessage)
    displayNewLine                           0x080009c1   Thumb Code    18  1602_i2c_driver.o(.text.displayNewLine)
    displayOnOff                             0x080009d5   Thumb Code   360  1602_i2c_driver.o(.text.displayOnOff)
    displayWrite                             0x08000b3d   Thumb Code   338  1602_i2c_driver.o(.text.displayWrite)
    errorMessage                             0x08000c91   Thumb Code    48  main.o(.text.errorMessage)
    gpio_init                                0x08000cc1   Thumb Code   250  gp_driver.o(.text.gpio_init)
    i2c_address                              0x08000dbd   Thumb Code   264  i2c_driver.o(.text.i2c_address)
    i2c_data                                 0x08000ec5   Thumb Code   156  i2c_driver.o(.text.i2c_data)
    i2c_init                                 0x08000f61   Thumb Code   286  i2c_driver.o(.text.i2c_init)
    i2c_start                                0x08001081   Thumb Code   108  i2c_driver.o(.text.i2c_start)
    i2c_stop                                 0x080010ed   Thumb Code   116  i2c_driver.o(.text.i2c_stop)
    i2c_write                                0x08001161   Thumb Code    62  i2c_driver.o(.text.i2c_write)
    int2char                                 0x080011a1   Thumb Code   154  help_func.o(.text.int2char)
    loaded                                   0x0800123d   Thumb Code    26  main.o(.text.loaded)
    main                                     0x08001259   Thumb Code   240  main.o(.text.main)
    printTest                                0x08001349   Thumb Code    32  main.o(.text.printTest)
    read_GP                                  0x08001369   Thumb Code   126  gp_driver.o(.text.read_GP)
    relayErrorMessage                        0x080013e9   Thumb Code    48  main.o(.text.relayErrorMessage)
    startMessage                             0x08001419   Thumb Code    86  main.o(.text.startMessage)
    successMessage                           0x08001471   Thumb Code    48  main.o(.text.successMessage)
    supplyErrorMessage                       0x080014a1   Thumb Code    48  main.o(.text.supplyErrorMessage)
    systick_init                             0x080014d1   Thumb Code    42  systick_delay.o(.text.systick_init)
    unloaded                                 0x080014fd   Thumb Code    34  main.o(.text.unloaded)
    write_GP                                 0x08001521   Thumb Code   160  gp_driver.o(.text.write_GP)
    Region$$Table$$Base                      0x08001634   Number         0  anon$$obj.o(Region$$Table)
    Region$$Table$$Limit                     0x08001644   Number         0  anon$$obj.o(Region$$Table)
    __libspace_start                         0x20000000   Data          96  libspace.o(.bss)
    __temporary_stack_top$libspace           0x20000060   Data           0  libspace.o(.bss)



==============================================================================

Memory Map of the image

  Image Entry point : 0x08000175

  Load Region LR_1 (Base: 0x08000000, Size: 0x00001644, Max: 0xffffffff, ABSOLUTE)

    Execution Region ER_RO (Exec base: 0x08000000, Load base: 0x08000000, Size: 0x00001644, Max: 0xffffffff, ABSOLUTE)

    Exec Addr    Load Addr    Size         Type   Attr      Idx    E Section Name        Object

    0x08000000   0x08000000   0x000000ec   Data   RO          137    RESET               startup_stm32f10x_md.o
    0x080000ec   0x080000ec   0x00000008   Code   RO          227  * !!!main             c_w.l(__main.o)
    0x080000f4   0x080000f4   0x00000034   Code   RO          436    !!!scatter          c_w.l(__scatter.o)
    0x08000128   0x08000128   0x0000001c   Code   RO          438    !!handler_zi        c_w.l(__scatter_zi.o)
    0x08000144   0x08000144   0x00000002   Code   RO          371    .ARM.Collect$$libinit$$00000000  c_w.l(libinit.o)
    0x08000146   0x08000146   0x00000000   Code   RO          260    .ARM.Collect$$libinit$$00000002  c_w.l(libinit2.o)
    0x08000146   0x08000146   0x00000000   Code   RO          262    .ARM.Collect$$libinit$$00000004  c_w.l(libinit2.o)
    0x08000146   0x08000146   0x00000000   Code   RO          264    .ARM.Collect$$libinit$$00000006  c_w.l(libinit2.o)
    0x08000146   0x08000146   0x00000008   Code   RO          265    .ARM.Collect$$libinit$$00000007  c_w.l(libinit2.o)
    0x0800014e   0x0800014e   0x00000000   Code   RO          267    .ARM.Collect$$libinit$$0000000C  c_w.l(libinit2.o)
    0x0800014e   0x0800014e   0x00000000   Code   RO          269    .ARM.Collect$$libinit$$0000000E  c_w.l(libinit2.o)
    0x0800014e   0x0800014e   0x00000000   Code   RO          271    .ARM.Collect$$libinit$$00000010  c_w.l(libinit2.o)
    0x0800014e   0x0800014e   0x00000000   Code   RO          274    .ARM.Collect$$libinit$$00000013  c_w.l(libinit2.o)
    0x0800014e   0x0800014e   0x00000000   Code   RO          276    .ARM.Collect$$libinit$$00000015  c_w.l(libinit2.o)
    0x0800014e   0x0800014e   0x00000000   Code   RO          278    .ARM.Collect$$libinit$$00000017  c_w.l(libinit2.o)
    0x0800014e   0x0800014e   0x00000000   Code   RO          280    .ARM.Collect$$libinit$$00000019  c_w.l(libinit2.o)
    0x0800014e   0x0800014e   0x00000000   Code   RO          282    .ARM.Collect$$libinit$$0000001B  c_w.l(libinit2.o)
    0x0800014e   0x0800014e   0x00000000   Code   RO          284    .ARM.Collect$$libinit$$0000001D  c_w.l(libinit2.o)
    0x0800014e   0x0800014e   0x00000000   Code   RO          286    .ARM.Collect$$libinit$$0000001F  c_w.l(libinit2.o)
    0x0800014e   0x0800014e   0x00000000   Code   RO          288    .ARM.Collect$$libinit$$00000021  c_w.l(libinit2.o)
    0x0800014e   0x0800014e   0x00000000   Code   RO          290    .ARM.Collect$$libinit$$00000023  c_w.l(libinit2.o)
    0x0800014e   0x0800014e   0x00000000   Code   RO          292    .ARM.Collect$$libinit$$00000025  c_w.l(libinit2.o)
    0x0800014e   0x0800014e   0x00000000   Code   RO          294    .ARM.Collect$$libinit$$00000027  c_w.l(libinit2.o)
    0x0800014e   0x0800014e   0x00000000   Code   RO          298    .ARM.Collect$$libinit$$0000002E  c_w.l(libinit2.o)
    0x0800014e   0x0800014e   0x00000000   Code   RO          300    .ARM.Collect$$libinit$$00000030  c_w.l(libinit2.o)
    0x0800014e   0x0800014e   0x00000000   Code   RO          302    .ARM.Collect$$libinit$$00000032  c_w.l(libinit2.o)
    0x0800014e   0x0800014e   0x00000000   Code   RO          304    .ARM.Collect$$libinit$$00000034  c_w.l(libinit2.o)
    0x0800014e   0x0800014e   0x00000002   Code   RO          305    .ARM.Collect$$libinit$$00000035  c_w.l(libinit2.o)
    0x08000150   0x08000150   0x00000002   Code   RO          433    .ARM.Collect$$libshutdown$$00000000  c_w.l(libshutdown.o)
    0x08000152   0x08000152   0x00000000   Code   RO          387    .ARM.Collect$$libshutdown$$00000002  c_w.l(libshutdown2.o)
    0x08000152   0x08000152   0x00000000   Code   RO          389    .ARM.Collect$$libshutdown$$00000004  c_w.l(libshutdown2.o)
    0x08000152   0x08000152   0x00000000   Code   RO          392    .ARM.Collect$$libshutdown$$00000007  c_w.l(libshutdown2.o)
    0x08000152   0x08000152   0x00000000   Code   RO          395    .ARM.Collect$$libshutdown$$0000000A  c_w.l(libshutdown2.o)
    0x08000152   0x08000152   0x00000000   Code   RO          397    .ARM.Collect$$libshutdown$$0000000C  c_w.l(libshutdown2.o)
    0x08000152   0x08000152   0x00000000   Code   RO          400    .ARM.Collect$$libshutdown$$0000000F  c_w.l(libshutdown2.o)
    0x08000152   0x08000152   0x00000002   Code   RO          401    .ARM.Collect$$libshutdown$$00000010  c_w.l(libshutdown2.o)
    0x08000154   0x08000154   0x00000000   Code   RO          231    .ARM.Collect$$rtentry$$00000000  c_w.l(__rtentry.o)
    0x08000154   0x08000154   0x00000000   Code   RO          314    .ARM.Collect$$rtentry$$00000002  c_w.l(__rtentry2.o)
    0x08000154   0x08000154   0x00000006   Code   RO          326    .ARM.Collect$$rtentry$$00000004  c_w.l(__rtentry4.o)
    0x0800015a   0x0800015a   0x00000000   Code   RO          316    .ARM.Collect$$rtentry$$00000009  c_w.l(__rtentry2.o)
    0x0800015a   0x0800015a   0x00000004   Code   RO          317    .ARM.Collect$$rtentry$$0000000A  c_w.l(__rtentry2.o)
    0x0800015e   0x0800015e   0x00000000   Code   RO          319    .ARM.Collect$$rtentry$$0000000C  c_w.l(__rtentry2.o)
    0x0800015e   0x0800015e   0x00000008   Code   RO          320    .ARM.Collect$$rtentry$$0000000D  c_w.l(__rtentry2.o)
    0x08000166   0x08000166   0x00000002   Code   RO          376    .ARM.Collect$$rtexit$$00000000  c_w.l(rtexit.o)
    0x08000168   0x08000168   0x00000000   Code   RO          407    .ARM.Collect$$rtexit$$00000002  c_w.l(rtexit2.o)
    0x08000168   0x08000168   0x00000004   Code   RO          408    .ARM.Collect$$rtexit$$00000003  c_w.l(rtexit2.o)
    0x0800016c   0x0800016c   0x00000006   Code   RO          409    .ARM.Collect$$rtexit$$00000004  c_w.l(rtexit2.o)
    0x08000172   0x08000172   0x00000002   PAD
    0x08000174   0x08000174   0x00000040   Code   RO          138  * .text               startup_stm32f10x_md.o
    0x080001b4   0x080001b4   0x0000005e   Code   RO          167    .text               c_w.l(h1_alloc.o)
    0x08000212   0x08000212   0x0000004e   Code   RO          169    .text               c_w.l(h1_free.o)
    0x08000260   0x08000260   0x00000006   Code   RO          225    .text               c_w.l(heapauxi.o)
    0x08000266   0x08000266   0x00000002   PAD
    0x08000268   0x08000268   0x00000008   Code   RO          235    .text               c_w.l(rt_heap_descriptor_intlibspace.o)
    0x08000270   0x08000270   0x00000004   Code   RO          237    .text               c_w.l(hguard.o)
    0x08000274   0x08000274   0x0000008a   Code   RO          239    .text               c_w.l(init_alloc.o)
    0x080002fe   0x080002fe   0x0000000e   Code   RO          243    .text               c_w.l(h1_init.o)
    0x0800030c   0x0800030c   0x00000008   Code   RO          310    .text               c_w.l(libspace.o)
    0x08000314   0x08000314   0x00000000   Code   RO          330    .text               c_w.l(maybetermalloc1.o)
    0x08000314   0x08000314   0x00000034   Code   RO          332    .text               c_w.l(h1_extend.o)
    0x08000348   0x08000348   0x0000000e   Code   RO          336    .text               c_w.l(defsig_rtmem_outer.o)
    0x08000356   0x08000356   0x00000002   Code   RO          347    .text               c_w.l(use_no_semi.o)
    0x08000358   0x08000358   0x00000000   Code   RO          349    .text               c_w.l(indicate_semi.o)
    0x08000358   0x08000358   0x0000004a   Code   RO          350    .text               c_w.l(sys_stackheap_outer.o)
    0x080003a2   0x080003a2   0x00000012   Code   RO          356    .text               c_w.l(exit.o)
    0x080003b4   0x080003b4   0x0000000a   Code   RO          358    .text               c_w.l(defsig_exit.o)
    0x080003be   0x080003be   0x00000002   PAD
    0x080003c0   0x080003c0   0x00000050   Code   RO          360    .text               c_w.l(defsig_rtmem_inner.o)
    0x08000410   0x08000410   0x0000000c   Code   RO          372    .text               c_w.l(sys_exit.o)
    0x0800041c   0x0800041c   0x00000032   Code   RO          384    .text               c_w.l(defsig_general.o)
    0x0800044e   0x0800044e   0x0000000e   Code   RO          402    .text               c_w.l(sys_wrch.o)
    0x0800045c   0x0800045c   0x0000001e   Code   RO           30    .text.EXTI0_IRQHandler  main.o
    0x0800047a   0x0800047a   0x00000002   PAD
    0x0800047c   0x0800047c   0x00000008   Code   RO          147    .text.SetSysClock   system_stm32f10x.o
    0x08000484   0x08000484   0x00000122   Code   RO          151    .text.SetSysClockTo72  system_stm32f10x.o
    0x080005a6   0x080005a6   0x00000002   PAD
    0x080005a8   0x080005a8   0x00000066   Code   RO          145    .text.SystemInit    system_stm32f10x.o
    0x0800060e   0x0800060e   0x00000002   PAD
    0x08000610   0x08000610   0x00000030   Code   RO           28    .text.__NVIC_EnableIRQ  main.o
    0x08000640   0x08000640   0x00000042   Code   RO           20    .text.checkDevice   main.o
    0x08000682   0x08000682   0x00000002   PAD
    0x08000684   0x08000684   0x00000022   Code   RO           18    .text.checkDeviceSupply  main.o
    0x080006a6   0x080006a6   0x00000002   PAD
    0x080006a8   0x080006a8   0x00000022   Code   RO           14    .text.checkRelay    main.o
    0x080006ca   0x080006ca   0x00000002   PAD
    0x080006cc   0x080006cc   0x000000de   Code   RO            4    .text.configSetup   main.o
    0x080007aa   0x080007aa   0x00000002   PAD
    0x080007ac   0x080007ac   0x00000036   Code   RO           59    .text.createMili    systick_delay.o
    0x080007e2   0x080007e2   0x00000002   PAD
    0x080007e4   0x080007e4   0x00000020   Code   RO           61    .text.delayMS       systick_delay.o
    0x08000804   0x08000804   0x00000012   Code   RO           78    .text.displayClear  1602_i2c_driver.o
    0x08000816   0x08000816   0x00000002   PAD
    0x08000818   0x08000818   0x00000176   Code   RO           74    .text.displayInit   1602_i2c_driver.o
    0x0800098e   0x0800098e   0x00000002   PAD
    0x08000990   0x08000990   0x0000002e   Code   RO           76    .text.displayMessage  1602_i2c_driver.o
    0x080009be   0x080009be   0x00000002   PAD
    0x080009c0   0x080009c0   0x00000012   Code   RO           82    .text.displayNewLine  1602_i2c_driver.o
    0x080009d2   0x080009d2   0x00000002   PAD
    0x080009d4   0x080009d4   0x00000168   Code   RO           80    .text.displayOnOff  1602_i2c_driver.o
    0x08000b3c   0x08000b3c   0x00000152   Code   RO           72    .text.displayWrite  1602_i2c_driver.o
    0x08000c8e   0x08000c8e   0x00000002   PAD
    0x08000c90   0x08000c90   0x00000030   Code   RO           22    .text.errorMessage  main.o
    0x08000cc0   0x08000cc0   0x000000fa   Code   RO           42    .text.gpio_init     gp_driver.o
    0x08000dba   0x08000dba   0x00000002   PAD
    0x08000dbc   0x08000dbc   0x00000108   Code   RO           98    .text.i2c_address   i2c_driver.o
    0x08000ec4   0x08000ec4   0x0000009c   Code   RO          100    .text.i2c_data      i2c_driver.o
    0x08000f60   0x08000f60   0x0000011e   Code   RO           94    .text.i2c_init      i2c_driver.o
    0x0800107e   0x0800107e   0x00000002   PAD
    0x08001080   0x08001080   0x0000006c   Code   RO           96    .text.i2c_start     i2c_driver.o
    0x080010ec   0x080010ec   0x00000074   Code   RO          102    .text.i2c_stop      i2c_driver.o
    0x08001160   0x08001160   0x0000003e   Code   RO          104    .text.i2c_write     i2c_driver.o
    0x0800119e   0x0800119e   0x00000002   PAD
    0x080011a0   0x080011a0   0x0000009a   Code   RO          123    .text.int2char      help_func.o
    0x0800123a   0x0800123a   0x00000002   PAD
    0x0800123c   0x0800123c   0x0000001a   Code   RO           10    .text.loaded        main.o
    0x08001256   0x08001256   0x00000002   PAD
    0x08001258   0x08001258   0x000000f0   Code   RO            2    .text.main          main.o
    0x08001348   0x08001348   0x00000020   Code   RO            8    .text.printTest     main.o
    0x08001368   0x08001368   0x0000007e   Code   RO           44    .text.read_GP       gp_driver.o
    0x080013e6   0x080013e6   0x00000002   PAD
    0x080013e8   0x080013e8   0x00000030   Code   RO           16    .text.relayErrorMessage  main.o
    0x08001418   0x08001418   0x00000056   Code   RO            6    .text.startMessage  main.o
    0x0800146e   0x0800146e   0x00000002   PAD
    0x08001470   0x08001470   0x00000030   Code   RO           26    .text.successMessage  main.o
    0x080014a0   0x080014a0   0x00000030   Code   RO           24    .text.supplyErrorMessage  main.o
    0x080014d0   0x080014d0   0x0000002a   Code   RO           57    .text.systick_init  systick_delay.o
    0x080014fa   0x080014fa   0x00000002   PAD
    0x080014fc   0x080014fc   0x00000022   Code   RO           12    .text.unloaded      main.o
    0x0800151e   0x0800151e   0x00000002   PAD
    0x08001520   0x08001520   0x000000a0   Code   RO           46    .text.write_GP      gp_driver.o
    0x080015c0   0x080015c0   0x00000064   Data   RO           33    .rodata.str1.1      main.o
    0x08001624   0x08001624   0x0000000d   Data   RO           86    .rodata.str1.1      1602_i2c_driver.o
    0x08001631   0x08001631   0x00000003   PAD
    0x08001634   0x08001634   0x00000010   Data   RO          435    Region$$Table       anon$$obj.o


    Execution Region ER_RW (Exec base: 0x20000000, Load base: 0x08001644, Size: 0x00000000, Max: 0xffffffff, ABSOLUTE)

    **** No section assigned to this execution region ****


    Execution Region ER_ZI (Exec base: 0x20000000, Load base: 0x08001644, Size: 0x00000668, Max: 0xffffffff, ABSOLUTE)

    Exec Addr    Load Addr    Size         Type   Attr      Idx    E Section Name        Object

    0x20000000        -       0x00000060   Zero   RW          311    .bss                c_w.l(libspace.o)
    0x20000060        -       0x00000004   Zero   RW           32    .bss.quitSignal     main.o
    0x20000064   0x08001644   0x00000004   PAD
    0x20000068        -       0x00000200   Zero   RW          136    HEAP                startup_stm32f10x_md.o
    0x20000268        -       0x00000400   Zero   RW          135    STACK               startup_stm32f10x_md.o


==============================================================================

Image component sizes


      Code (inc. data)   RO Data    RW Data    ZI Data      Debug   Object Name

      1154          0         13          0          0       1821   1602_i2c_driver.o
       536          0          0          0          0       1491   gp_driver.o
       154          0          0          0          0       2095   help_func.o
       992          0          0          0          0       2937   i2c_driver.o
      1044          0        100          0          4       5438   main.o
        64         26        236          0       1536        832   startup_stm32f10x_md.o
       400          0          0          0          0       2814   system_stm32f10x.o
       128          0          0          0          0       1277   systick_delay.o

    ----------------------------------------------------------------------
      4516         26        368          0       1544      18705   Object Totals
         0          0         16          0          0          0   (incl. Generated)
        44          0          3          0          4          0   (incl. Padding)

    ----------------------------------------------------------------------

      Code (inc. data)   RO Data    RW Data    ZI Data      Debug   Library Member Name

         8          0          0          0          0         68   __main.o
         0          0          0          0          0          0   __rtentry.o
        12          0          0          0          0          0   __rtentry2.o
         6          0          0          0          0          0   __rtentry4.o
        52          8          0          0          0          0   __scatter.o
        28          0          0          0          0          0   __scatter_zi.o
        10          0          0          0          0         68   defsig_exit.o
        50          0          0          0          0         88   defsig_general.o
        80         58          0          0          0         76   defsig_rtmem_inner.o
        14          0          0          0          0         80   defsig_rtmem_outer.o
        18          0          0          0          0         80   exit.o
        94          0          0          0          0         80   h1_alloc.o
        52          0          0          0          0         68   h1_extend.o
        78          0          0          0          0         80   h1_free.o
        14          0          0          0          0         84   h1_init.o
         6          0          0          0          0        152   heapauxi.o
         4          0          0          0          0        136   hguard.o
         0          0          0          0          0          0   indicate_semi.o
       138          0          0          0          0        168   init_alloc.o
         2          0          0          0          0          0   libinit.o
        10          0          0          0          0          0   libinit2.o
         2          0          0          0          0          0   libshutdown.o
         2          0          0          0          0          0   libshutdown2.o
         8          4          0          0         96         68   libspace.o
         0          0          0          0          0          0   maybetermalloc1.o
         8          4          0          0          0         68   rt_heap_descriptor_intlibspace.o
         2          0          0          0          0          0   rtexit.o
        10          0          0          0          0          0   rtexit2.o
        12          4          0          0          0         68   sys_exit.o
        74          0          0          0          0         80   sys_stackheap_outer.o
        14          0          0          0          0         76   sys_wrch.o
         2          0          0          0          0         68   use_no_semi.o

    ----------------------------------------------------------------------
       816         78          0          0         96       1656   Library Totals
         6          0          0          0          0          0   (incl. Padding)

    ----------------------------------------------------------------------

      Code (inc. data)   RO Data    RW Data    ZI Data      Debug   Library Name

       810         78          0          0         96       1656   c_w.l

    ----------------------------------------------------------------------
       816         78          0          0         96       1656   Library Totals

    ----------------------------------------------------------------------

==============================================================================


      Code (inc. data)   RO Data    RW Data    ZI Data      Debug   

      5332        104        368          0       1640      19389   Grand Totals
      5332        104        368          0       1640      19389   ELF Image Totals
      5332        104        368          0          0          0   ROM Totals

==============================================================================

    Total RO  Size (Code + RO Data)                 5700 (   5.57kB)
    Total RW  Size (RW Data + ZI Data)              1640 (   1.60kB)
    Total ROM Size (Code + RO Data + RW Data)       5700 (   5.57kB)

==============================================================================

